2018-12-27 23:09:57,896 - telegram.ext.dispatcher - ERROR - An uncaught error was raised while processing the update
Traceback (most recent call last):
  File "C:\Users\Administrator\AppData\Local\Programs\Python\Python35\lib\site-packages\telegram\ext\dispatcher.py", line 279, in process_update
    handler.handle_update(update, self)
  File "C:\Users\Administrator\AppData\Local\Programs\Python\Python35\lib\site-packages\telegram\ext\commandhandler.py", line 173, in handle_update
    return self.callback(dispatcher.bot, update, **optional_args)
  File "E:/Program/GITHUB/dominion/dominion.py", line 100, in join
    user1_name = str(update.message.from_user.first_name + update.message.from_user.last_name)
TypeError: Can't convert 'NoneType' object to str implicitly
2018-12-27 23:15:23,782 - telegram.ext.dispatcher - ERROR - An uncaught error was raised while processing the update
Traceback (most recent call last):
  File "C:\Users\Administrator\AppData\Local\Programs\Python\Python35\lib\site-packages\telegram\ext\dispatcher.py", line 279, in process_update
    handler.handle_update(update, self)
  File "C:\Users\Administrator\AppData\Local\Programs\Python\Python35\lib\site-packages\telegram\ext\commandhandler.py", line 173, in handle_update
    return self.callback(dispatcher.bot, update, **optional_args)
  File "E:/Program/GITHUB/dominion/dominion.py", line 226, in end
    if temp ==1:
NameError: name 'temp' is not defined
2018-12-27 23:30:11,813 - telegram.ext.updater - ERROR - Error while getting Updates: Conflict: terminated by other getUpdates request; make sure that only one bot instance is running (409)
2018-12-27 23:30:11,814 - __main__ - WARNING - Update "None" caused error "Conflict: terminated by other getUpdates request; make sure that only one bot instance is running (409)"
2018-12-27 23:30:16,099 - telegram.ext.updater - ERROR - Error while getting Updates: Conflict: terminated by other getUpdates request; make sure that only one bot instance is running (409)
2018-12-27 23:30:16,099 - __main__ - WARNING - Update "None" caused error "Conflict: terminated by other getUpdates request; make sure that only one bot instance is running (409)"
2018-12-27 23:30:17,367 - telegram.ext.updater - ERROR - Error while getting Updates: Conflict: terminated by other getUpdates request; make sure that only one bot instance is running (409)
2018-12-27 23:30:17,368 - __main__ - WARNING - Update "None" caused error "Conflict: terminated by other getUpdates request; make sure that only one bot instance is running (409)"
2018-12-27 23:30:22,150 - telegram.ext.updater - ERROR - Error while getting Updates: Conflict: terminated by other getUpdates request; make sure that only one bot instance is running (409)
2018-12-27 23:30:22,150 - __main__ - WARNING - Update "None" caused error "Conflict: terminated by other getUpdates request; make sure that only one bot instance is running (409)"
2018-12-27 23:30:23,911 - telegram.ext.updater - ERROR - Error while getting Updates: Conflict: terminated by other getUpdates request; make sure that only one bot instance is running (409)
2018-12-27 23:30:23,912 - __main__ - WARNING - Update "None" caused error "Conflict: terminated by other getUpdates request; make sure that only one bot instance is running (409)"
2018-12-27 23:30:29,439 - telegram.ext.updater - ERROR - Error while getting Updates: Conflict: terminated by other getUpdates request; make sure that only one bot instance is running (409)
2018-12-27 23:30:29,439 - __main__ - WARNING - Update "None" caused error "Conflict: terminated by other getUpdates request; make sure that only one bot instance is running (409)"
2018-12-27 23:30:31,955 - telegram.ext.updater - ERROR - Error while getting Updates: Conflict: terminated by other getUpdates request; make sure that only one bot instance is running (409)
2018-12-27 23:30:31,955 - __main__ - WARNING - Update "None" caused error "Conflict: terminated by other getUpdates request; make sure that only one bot instance is running (409)"
2018-12-27 23:30:35,611 - telegram.ext.updater - ERROR - Error while getting Updates: Conflict: terminated by other getUpdates request; make sure that only one bot instance is running (409)
2018-12-27 23:30:35,611 - __main__ - WARNING - Update "None" caused error "Conflict: terminated by other getUpdates request; make sure that only one bot instance is running (409)"
2018-12-27 23:30:39,252 - telegram.ext.updater - ERROR - Error while getting Updates: Conflict: terminated by other getUpdates request; make sure that only one bot instance is running (409)
2018-12-27 23:30:39,252 - __main__ - WARNING - Update "None" caused error "Conflict: terminated by other getUpdates request; make sure that only one bot instance is running (409)"
2018-12-27 23:30:44,594 - telegram.ext.updater - ERROR - Error while getting Updates: Conflict: terminated by other getUpdates request; make sure that only one bot instance is running (409)
2018-12-27 23:30:44,594 - __main__ - WARNING - Update "None" caused error "Conflict: terminated by other getUpdates request; make sure that only one bot instance is running (409)"
2018-12-27 23:30:49,924 - telegram.ext.updater - ERROR - Error while getting Updates: Conflict: terminated by other getUpdates request; make sure that only one bot instance is running (409)
2018-12-27 23:30:49,925 - __main__ - WARNING - Update "None" caused error "Conflict: terminated by other getUpdates request; make sure that only one bot instance is running (409)"
2018-12-27 23:30:57,794 - telegram.ext.updater - ERROR - Error while getting Updates: Conflict: terminated by other getUpdates request; make sure that only one bot instance is running (409)
2018-12-27 23:30:57,794 - __main__ - WARNING - Update "None" caused error "Conflict: terminated by other getUpdates request; make sure that only one bot instance is running (409)"
2018-12-27 23:31:05,653 - telegram.ext.updater - ERROR - Error while getting Updates: Conflict: terminated by other getUpdates request; make sure that only one bot instance is running (409)
2018-12-27 23:31:05,653 - __main__ - WARNING - Update "None" caused error "Conflict: terminated by other getUpdates request; make sure that only one bot instance is running (409)"
2018-12-27 23:31:17,323 - telegram.ext.updater - ERROR - Error while getting Updates: Conflict: terminated by other getUpdates request; make sure that only one bot instance is running (409)
2018-12-27 23:31:17,323 - __main__ - WARNING - Update "None" caused error "Conflict: terminated by other getUpdates request; make sure that only one bot instance is running (409)"
2018-12-27 23:31:21,589 - telegram.ext.updater - ERROR - Error while getting Updates: Conflict: terminated by other getUpdates request; make sure that only one bot instance is running (409)
2018-12-27 23:31:21,589 - __main__ - WARNING - Update "None" caused error "Conflict: terminated by other getUpdates request; make sure that only one bot instance is running (409)"
2018-12-27 23:31:39,135 - telegram.ext.updater - ERROR - Error while getting Updates: Conflict: terminated by other getUpdates request; make sure that only one bot instance is running (409)
2018-12-27 23:31:39,135 - __main__ - WARNING - Update "None" caused error "Conflict: terminated by other getUpdates request; make sure that only one bot instance is running (409)"
2018-12-27 23:35:51,137 - telegram.ext.dispatcher - ERROR - An uncaught error was raised while processing the update
Traceback (most recent call last):
  File "C:\Users\Administrator\AppData\Local\Programs\Python\Python35\lib\site-packages\telegram\ext\dispatcher.py", line 279, in process_update
    handler.handle_update(update, self)
  File "C:\Users\Administrator\AppData\Local\Programs\Python\Python35\lib\site-packages\telegram\ext\commandhandler.py", line 173, in handle_update
    return self.callback(dispatcher.bot, update, **optional_args)
  File "E:/Program/GITHUB/dominion/dominion.py", line 234, in end
    if tempp ==1:
UnboundLocalError: local variable 'tempp' referenced before assignment
2018-12-27 23:46:25,727 - telegram.ext.dispatcher - ERROR - An uncaught error was raised while processing the update
Traceback (most recent call last):
  File "C:\Users\Administrator\AppData\Local\Programs\Python\Python35\lib\site-packages\telegram\ext\dispatcher.py", line 279, in process_update
    handler.handle_update(update, self)
  File "C:\Users\Administrator\AppData\Local\Programs\Python\Python35\lib\site-packages\telegram\ext\commandhandler.py", line 173, in handle_update
    return self.callback(dispatcher.bot, update, **optional_args)
  File "E:/Program/GITHUB/dominion/dominion.py", line 195, in buy
    update.message.ext('Buy Village cost 3 dollars')
AttributeError: 'Message' object has no attribute 'ext'
2018-12-27 23:48:27,874 - telegram.ext.dispatcher - ERROR - An uncaught error was raised while processing the update
Traceback (most recent call last):
  File "C:\Users\Administrator\AppData\Local\Programs\Python\Python35\lib\site-packages\telegram\ext\dispatcher.py", line 279, in process_update
    handler.handle_update(update, self)
  File "C:\Users\Administrator\AppData\Local\Programs\Python\Python35\lib\site-packages\telegram\ext\commandhandler.py", line 173, in handle_update
    return self.callback(dispatcher.bot, update, **optional_args)
  File "E:/Program/GITHUB/dominion/dominion.py", line 194, in buy
    update.message.text('Buy Village cost 3 dollars')
TypeError: 'str' object is not callable
2018-12-28 00:06:08,266 - telegram.ext.dispatcher - ERROR - An uncaught error was raised while processing the update
Traceback (most recent call last):
  File "C:\Users\Administrator\AppData\Local\Programs\Python\Python35\lib\site-packages\telegram\ext\dispatcher.py", line 279, in process_update
    handler.handle_update(update, self)
  File "C:\Users\Administrator\AppData\Local\Programs\Python\Python35\lib\site-packages\telegram\ext\commandhandler.py", line 173, in handle_update
    return self.callback(dispatcher.bot, update, **optional_args)
  File "E:/Program/GITHUB/dominion/dominion.py", line 191, in buy
    bot.send_message('You can buy some cards')
  File "C:\Users\Administrator\AppData\Local\Programs\Python\Python35\lib\site-packages\telegram\bot.py", line 60, in decorator
    result = func(self, *args, **kwargs)
  File "C:\Users\Administrator\AppData\Local\Programs\Python\Python35\lib\site-packages\telegram\bot.py", line 71, in decorator
    url, data = func(self, *args, **kwargs)
TypeError: send_message() missing 1 required positional argument: 'text'
2018-12-28 00:08:07,520 - telegram.ext.dispatcher - ERROR - An uncaught error was raised while processing the update
Traceback (most recent call last):
  File "C:\Users\Administrator\AppData\Local\Programs\Python\Python35\lib\site-packages\telegram\ext\dispatcher.py", line 279, in process_update
    handler.handle_update(update, self)
  File "C:\Users\Administrator\AppData\Local\Programs\Python\Python35\lib\site-packages\telegram\ext\commandhandler.py", line 173, in handle_update
    return self.callback(dispatcher.bot, update, **optional_args)
  File "E:/Program/GITHUB/dominion/dominion.py", line 199, in buy
    bot.send_message('Buy Courtyard costs 2 dollar')
  File "C:\Users\Administrator\AppData\Local\Programs\Python\Python35\lib\site-packages\telegram\bot.py", line 60, in decorator
    result = func(self, *args, **kwargs)
  File "C:\Users\Administrator\AppData\Local\Programs\Python\Python35\lib\site-packages\telegram\bot.py", line 71, in decorator
    url, data = func(self, *args, **kwargs)
TypeError: send_message() missing 1 required positional argument: 'text'
2018-12-28 00:17:20,053 - telegram.ext.dispatcher - ERROR - An uncaught error was raised while processing the update
Traceback (most recent call last):
  File "C:\Users\Administrator\AppData\Local\Programs\Python\Python35\lib\site-packages\telegram\ext\dispatcher.py", line 279, in process_update
    handler.handle_update(update, self)
  File "C:\Users\Administrator\AppData\Local\Programs\Python\Python35\lib\site-packages\telegram\ext\commandhandler.py", line 173, in handle_update
    return self.callback(dispatcher.bot, update, **optional_args)
  File "E:/Program/GITHUB/dominion/dominion.py", line 243, in end
    update.message.from_user("Its now your turn , " + str(user2_name))
TypeError: 'User' object is not callable
2018-12-28 00:28:25,700 - telegram.ext.dispatcher - ERROR - An uncaught error was raised while processing the update
Traceback (most recent call last):
  File "C:\Users\Administrator\AppData\Local\Programs\Python\Python35\lib\site-packages\telegram\ext\dispatcher.py", line 279, in process_update
    handler.handle_update(update, self)
  File "C:\Users\Administrator\AppData\Local\Programs\Python\Python35\lib\site-packages\telegram\ext\commandhandler.py", line 173, in handle_update
    return self.callback(dispatcher.bot, update, **optional_args)
  File "E:/Program/GITHUB/dominion/dominion.py", line 150, in draw
    temp = (random.choice(deckplayer2))
UnboundLocalError: local variable 'deckplayer2' referenced before assignment
2018-12-28 00:32:03,811 - telegram.ext.dispatcher - WARNING - A TelegramError was raised while processing the Update
2018-12-28 00:32:03,811 - __main__ - WARNING - Update "{'message': {'message_id': 4305, 'text': '/buy@DOMINION_IM_BOT', 'chat': {'type': 'group', 'all_members_are_administrators': True, 'id': -273384150, 'title': 'GitHub repoes'}, 'from': {'is_bot': False, 'first_name': '¤j©M', 'language_code': 'zh-hans', 'username': 'inuwazz', 'id': 436384576}, 'entities': [{'length': 20, 'type': 'bot_command', 'offset': 0}], 'date': 1545928310, 'new_chat_members': [], 'photo': [], 'delete_chat_photo': False, 'supergroup_chat_created': False, 'caption_entities': [], 'new_chat_photo': [], 'channel_chat_created': False, 'group_chat_created': False}, 'update_id': 773021307}" caused error "Timed out"
2018-12-28 00:47:49,970 - telegram.ext.updater - ERROR - Error while getting Updates: Conflict: terminated by other getUpdates request; make sure that only one bot instance is running (409)
2018-12-28 00:47:49,970 - __main__ - WARNING - Update "None" caused error "Conflict: terminated by other getUpdates request; make sure that only one bot instance is running (409)"
2018-12-28 00:47:49,970 - telegram.ext.dispatcher - ERROR - An uncaught error was raised while handling the error
Traceback (most recent call last):
  File "E:/Program/GITHUB/dominion/dominion.py", line 291, in error
    raise error
  File "C:\Users\Administrator\AppData\Local\Programs\Python\Python35\lib\site-packages\telegram\ext\updater.py", line 312, in _network_loop_retry
    if not action_cb():
  File "C:\Users\Administrator\AppData\Local\Programs\Python\Python35\lib\site-packages\telegram\ext\updater.py", line 273, in polling_action_cb
    allowed_updates=allowed_updates)
  File "C:\Users\Administrator\AppData\Local\Programs\Python\Python35\lib\site-packages\telegram\bot.py", line 60, in decorator
    result = func(self, *args, **kwargs)
  File "C:\Users\Administrator\AppData\Local\Programs\Python\Python35\lib\site-packages\telegram\bot.py", line 1768, in get_updates
    result = self._request.post(url, data, timeout=float(read_latency) + float(timeout))
  File "C:\Users\Administrator\AppData\Local\Programs\Python\Python35\lib\site-packages\telegram\utils\request.py", line 278, in post
    **urlopen_kwargs)
  File "C:\Users\Administrator\AppData\Local\Programs\Python\Python35\lib\site-packages\telegram\utils\request.py", line 225, in _request_wrapper
    raise NetworkError('{0} ({1})'.format(message, resp.status))
telegram.error.NetworkError: Conflict: terminated by other getUpdates request; make sure that only one bot instance is running (409)

During handling of the above exception, another exception occurred:

Traceback (most recent call last):
  File "C:\Users\Administrator\AppData\Local\Programs\Python\Python35\lib\site-packages\telegram\ext\dispatcher.py", line 271, in process_update
    self.dispatch_error(None, update)
  File "C:\Users\Administrator\AppData\Local\Programs\Python\Python35\lib\site-packages\telegram\ext\dispatcher.py", line 384, in dispatch_error
    callback(self.bot, update, error)
  File "E:/Program/GITHUB/dominion/dominion.py", line 299, in error
    update.message.reply_text('NETWORK ISSUE')
AttributeError: 'NoneType' object has no attribute 'message'
2018-12-28 00:47:54,251 - telegram.ext.updater - ERROR - Error while getting Updates: Conflict: terminated by other getUpdates request; make sure that only one bot instance is running (409)
2018-12-28 00:47:54,251 - __main__ - WARNING - Update "None" caused error "Conflict: terminated by other getUpdates request; make sure that only one bot instance is running (409)"
2018-12-28 00:47:54,252 - telegram.ext.dispatcher - ERROR - An uncaught error was raised while handling the error
Traceback (most recent call last):
  File "E:/Program/GITHUB/dominion/dominion.py", line 291, in error
    raise error
  File "C:\Users\Administrator\AppData\Local\Programs\Python\Python35\lib\site-packages\telegram\ext\updater.py", line 312, in _network_loop_retry
    if not action_cb():
  File "C:\Users\Administrator\AppData\Local\Programs\Python\Python35\lib\site-packages\telegram\ext\updater.py", line 273, in polling_action_cb
    allowed_updates=allowed_updates)
  File "C:\Users\Administrator\AppData\Local\Programs\Python\Python35\lib\site-packages\telegram\bot.py", line 60, in decorator
    result = func(self, *args, **kwargs)
  File "C:\Users\Administrator\AppData\Local\Programs\Python\Python35\lib\site-packages\telegram\bot.py", line 1768, in get_updates
    result = self._request.post(url, data, timeout=float(read_latency) + float(timeout))
  File "C:\Users\Administrator\AppData\Local\Programs\Python\Python35\lib\site-packages\telegram\utils\request.py", line 278, in post
    **urlopen_kwargs)
  File "C:\Users\Administrator\AppData\Local\Programs\Python\Python35\lib\site-packages\telegram\utils\request.py", line 225, in _request_wrapper
    raise NetworkError('{0} ({1})'.format(message, resp.status))
telegram.error.NetworkError: Conflict: terminated by other getUpdates request; make sure that only one bot instance is running (409)

During handling of the above exception, another exception occurred:

Traceback (most recent call last):
  File "C:\Users\Administrator\AppData\Local\Programs\Python\Python35\lib\site-packages\telegram\ext\dispatcher.py", line 271, in process_update
    self.dispatch_error(None, update)
  File "C:\Users\Administrator\AppData\Local\Programs\Python\Python35\lib\site-packages\telegram\ext\dispatcher.py", line 384, in dispatch_error
    callback(self.bot, update, error)
  File "E:/Program/GITHUB/dominion/dominion.py", line 299, in error
    update.message.reply_text('NETWORK ISSUE')
AttributeError: 'NoneType' object has no attribute 'message'
2018-12-28 00:47:55,457 - telegram.ext.updater - ERROR - Error while getting Updates: Conflict: terminated by other getUpdates request; make sure that only one bot instance is running (409)
2018-12-28 00:47:55,458 - __main__ - WARNING - Update "None" caused error "Conflict: terminated by other getUpdates request; make sure that only one bot instance is running (409)"
2018-12-28 00:47:55,458 - telegram.ext.dispatcher - ERROR - An uncaught error was raised while handling the error
Traceback (most recent call last):
  File "E:/Program/GITHUB/dominion/dominion.py", line 291, in error
    raise error
  File "C:\Users\Administrator\AppData\Local\Programs\Python\Python35\lib\site-packages\telegram\ext\updater.py", line 312, in _network_loop_retry
    if not action_cb():
  File "C:\Users\Administrator\AppData\Local\Programs\Python\Python35\lib\site-packages\telegram\ext\updater.py", line 273, in polling_action_cb
    allowed_updates=allowed_updates)
  File "C:\Users\Administrator\AppData\Local\Programs\Python\Python35\lib\site-packages\telegram\bot.py", line 60, in decorator
    result = func(self, *args, **kwargs)
  File "C:\Users\Administrator\AppData\Local\Programs\Python\Python35\lib\site-packages\telegram\bot.py", line 1768, in get_updates
    result = self._request.post(url, data, timeout=float(read_latency) + float(timeout))
  File "C:\Users\Administrator\AppData\Local\Programs\Python\Python35\lib\site-packages\telegram\utils\request.py", line 278, in post
    **urlopen_kwargs)
  File "C:\Users\Administrator\AppData\Local\Programs\Python\Python35\lib\site-packages\telegram\utils\request.py", line 225, in _request_wrapper
    raise NetworkError('{0} ({1})'.format(message, resp.status))
telegram.error.NetworkError: Conflict: terminated by other getUpdates request; make sure that only one bot instance is running (409)

During handling of the above exception, another exception occurred:

Traceback (most recent call last):
  File "C:\Users\Administrator\AppData\Local\Programs\Python\Python35\lib\site-packages\telegram\ext\dispatcher.py", line 271, in process_update
    self.dispatch_error(None, update)
  File "C:\Users\Administrator\AppData\Local\Programs\Python\Python35\lib\site-packages\telegram\ext\dispatcher.py", line 384, in dispatch_error
    callback(self.bot, update, error)
  File "E:/Program/GITHUB/dominion/dominion.py", line 299, in error
    update.message.reply_text('NETWORK ISSUE')
AttributeError: 'NoneType' object has no attribute 'message'
2018-12-28 00:48:00,243 - telegram.ext.updater - ERROR - Error while getting Updates: Conflict: terminated by other getUpdates request; make sure that only one bot instance is running (409)
2018-12-28 00:48:00,245 - __main__ - WARNING - Update "None" caused error "Conflict: terminated by other getUpdates request; make sure that only one bot instance is running (409)"
2018-12-28 00:48:00,245 - telegram.ext.dispatcher - ERROR - An uncaught error was raised while handling the error
Traceback (most recent call last):
  File "E:/Program/GITHUB/dominion/dominion.py", line 291, in error
    raise error
  File "C:\Users\Administrator\AppData\Local\Programs\Python\Python35\lib\site-packages\telegram\ext\updater.py", line 312, in _network_loop_retry
    if not action_cb():
  File "C:\Users\Administrator\AppData\Local\Programs\Python\Python35\lib\site-packages\telegram\ext\updater.py", line 273, in polling_action_cb
    allowed_updates=allowed_updates)
  File "C:\Users\Administrator\AppData\Local\Programs\Python\Python35\lib\site-packages\telegram\bot.py", line 60, in decorator
    result = func(self, *args, **kwargs)
  File "C:\Users\Administrator\AppData\Local\Programs\Python\Python35\lib\site-packages\telegram\bot.py", line 1768, in get_updates
    result = self._request.post(url, data, timeout=float(read_latency) + float(timeout))
  File "C:\Users\Administrator\AppData\Local\Programs\Python\Python35\lib\site-packages\telegram\utils\request.py", line 278, in post
    **urlopen_kwargs)
  File "C:\Users\Administrator\AppData\Local\Programs\Python\Python35\lib\site-packages\telegram\utils\request.py", line 225, in _request_wrapper
    raise NetworkError('{0} ({1})'.format(message, resp.status))
telegram.error.NetworkError: Conflict: terminated by other getUpdates request; make sure that only one bot instance is running (409)

During handling of the above exception, another exception occurred:

Traceback (most recent call last):
  File "C:\Users\Administrator\AppData\Local\Programs\Python\Python35\lib\site-packages\telegram\ext\dispatcher.py", line 271, in process_update
    self.dispatch_error(None, update)
  File "C:\Users\Administrator\AppData\Local\Programs\Python\Python35\lib\site-packages\telegram\ext\dispatcher.py", line 384, in dispatch_error
    callback(self.bot, update, error)
  File "E:/Program/GITHUB/dominion/dominion.py", line 299, in error
    update.message.reply_text('NETWORK ISSUE')
AttributeError: 'NoneType' object has no attribute 'message'
2018-12-28 00:48:01,950 - telegram.ext.updater - ERROR - Error while getting Updates: Conflict: terminated by other getUpdates request; make sure that only one bot instance is running (409)
2018-12-28 00:48:01,950 - __main__ - WARNING - Update "None" caused error "Conflict: terminated by other getUpdates request; make sure that only one bot instance is running (409)"
2018-12-28 00:48:01,951 - telegram.ext.dispatcher - ERROR - An uncaught error was raised while handling the error
Traceback (most recent call last):
  File "E:/Program/GITHUB/dominion/dominion.py", line 291, in error
    raise error
  File "C:\Users\Administrator\AppData\Local\Programs\Python\Python35\lib\site-packages\telegram\ext\updater.py", line 312, in _network_loop_retry
    if not action_cb():
  File "C:\Users\Administrator\AppData\Local\Programs\Python\Python35\lib\site-packages\telegram\ext\updater.py", line 273, in polling_action_cb
    allowed_updates=allowed_updates)
  File "C:\Users\Administrator\AppData\Local\Programs\Python\Python35\lib\site-packages\telegram\bot.py", line 60, in decorator
    result = func(self, *args, **kwargs)
  File "C:\Users\Administrator\AppData\Local\Programs\Python\Python35\lib\site-packages\telegram\bot.py", line 1768, in get_updates
    result = self._request.post(url, data, timeout=float(read_latency) + float(timeout))
  File "C:\Users\Administrator\AppData\Local\Programs\Python\Python35\lib\site-packages\telegram\utils\request.py", line 278, in post
    **urlopen_kwargs)
  File "C:\Users\Administrator\AppData\Local\Programs\Python\Python35\lib\site-packages\telegram\utils\request.py", line 225, in _request_wrapper
    raise NetworkError('{0} ({1})'.format(message, resp.status))
telegram.error.NetworkError: Conflict: terminated by other getUpdates request; make sure that only one bot instance is running (409)

During handling of the above exception, another exception occurred:

Traceback (most recent call last):
  File "C:\Users\Administrator\AppData\Local\Programs\Python\Python35\lib\site-packages\telegram\ext\dispatcher.py", line 271, in process_update
    self.dispatch_error(None, update)
  File "C:\Users\Administrator\AppData\Local\Programs\Python\Python35\lib\site-packages\telegram\ext\dispatcher.py", line 384, in dispatch_error
    callback(self.bot, update, error)
  File "E:/Program/GITHUB/dominion/dominion.py", line 299, in error
    update.message.reply_text('NETWORK ISSUE')
AttributeError: 'NoneType' object has no attribute 'message'
2018-12-28 00:48:07,479 - telegram.ext.updater - ERROR - Error while getting Updates: Conflict: terminated by other getUpdates request; make sure that only one bot instance is running (409)
2018-12-28 00:48:07,479 - __main__ - WARNING - Update "None" caused error "Conflict: terminated by other getUpdates request; make sure that only one bot instance is running (409)"
2018-12-28 00:48:07,480 - telegram.ext.dispatcher - ERROR - An uncaught error was raised while handling the error
Traceback (most recent call last):
  File "E:/Program/GITHUB/dominion/dominion.py", line 291, in error
    raise error
  File "C:\Users\Administrator\AppData\Local\Programs\Python\Python35\lib\site-packages\telegram\ext\updater.py", line 312, in _network_loop_retry
    if not action_cb():
  File "C:\Users\Administrator\AppData\Local\Programs\Python\Python35\lib\site-packages\telegram\ext\updater.py", line 273, in polling_action_cb
    allowed_updates=allowed_updates)
  File "C:\Users\Administrator\AppData\Local\Programs\Python\Python35\lib\site-packages\telegram\bot.py", line 60, in decorator
    result = func(self, *args, **kwargs)
  File "C:\Users\Administrator\AppData\Local\Programs\Python\Python35\lib\site-packages\telegram\bot.py", line 1768, in get_updates
    result = self._request.post(url, data, timeout=float(read_latency) + float(timeout))
  File "C:\Users\Administrator\AppData\Local\Programs\Python\Python35\lib\site-packages\telegram\utils\request.py", line 278, in post
    **urlopen_kwargs)
  File "C:\Users\Administrator\AppData\Local\Programs\Python\Python35\lib\site-packages\telegram\utils\request.py", line 225, in _request_wrapper
    raise NetworkError('{0} ({1})'.format(message, resp.status))
telegram.error.NetworkError: Conflict: terminated by other getUpdates request; make sure that only one bot instance is running (409)

During handling of the above exception, another exception occurred:

Traceback (most recent call last):
  File "C:\Users\Administrator\AppData\Local\Programs\Python\Python35\lib\site-packages\telegram\ext\dispatcher.py", line 271, in process_update
    self.dispatch_error(None, update)
  File "C:\Users\Administrator\AppData\Local\Programs\Python\Python35\lib\site-packages\telegram\ext\dispatcher.py", line 384, in dispatch_error
    callback(self.bot, update, error)
  File "E:/Program/GITHUB/dominion/dominion.py", line 299, in error
    update.message.reply_text('NETWORK ISSUE')
AttributeError: 'NoneType' object has no attribute 'message'
2018-12-28 00:48:09,939 - telegram.ext.updater - ERROR - Error while getting Updates: Conflict: terminated by other getUpdates request; make sure that only one bot instance is running (409)
2018-12-28 00:48:09,939 - __main__ - WARNING - Update "None" caused error "Conflict: terminated by other getUpdates request; make sure that only one bot instance is running (409)"
2018-12-28 00:48:09,939 - telegram.ext.dispatcher - ERROR - An uncaught error was raised while handling the error
Traceback (most recent call last):
  File "E:/Program/GITHUB/dominion/dominion.py", line 291, in error
    raise error
  File "C:\Users\Administrator\AppData\Local\Programs\Python\Python35\lib\site-packages\telegram\ext\updater.py", line 312, in _network_loop_retry
    if not action_cb():
  File "C:\Users\Administrator\AppData\Local\Programs\Python\Python35\lib\site-packages\telegram\ext\updater.py", line 273, in polling_action_cb
    allowed_updates=allowed_updates)
  File "C:\Users\Administrator\AppData\Local\Programs\Python\Python35\lib\site-packages\telegram\bot.py", line 60, in decorator
    result = func(self, *args, **kwargs)
  File "C:\Users\Administrator\AppData\Local\Programs\Python\Python35\lib\site-packages\telegram\bot.py", line 1768, in get_updates
    result = self._request.post(url, data, timeout=float(read_latency) + float(timeout))
  File "C:\Users\Administrator\AppData\Local\Programs\Python\Python35\lib\site-packages\telegram\utils\request.py", line 278, in post
    **urlopen_kwargs)
  File "C:\Users\Administrator\AppData\Local\Programs\Python\Python35\lib\site-packages\telegram\utils\request.py", line 225, in _request_wrapper
    raise NetworkError('{0} ({1})'.format(message, resp.status))
telegram.error.NetworkError: Conflict: terminated by other getUpdates request; make sure that only one bot instance is running (409)

During handling of the above exception, another exception occurred:

Traceback (most recent call last):
  File "C:\Users\Administrator\AppData\Local\Programs\Python\Python35\lib\site-packages\telegram\ext\dispatcher.py", line 271, in process_update
    self.dispatch_error(None, update)
  File "C:\Users\Administrator\AppData\Local\Programs\Python\Python35\lib\site-packages\telegram\ext\dispatcher.py", line 384, in dispatch_error
    callback(self.bot, update, error)
  File "E:/Program/GITHUB/dominion/dominion.py", line 299, in error
    update.message.reply_text('NETWORK ISSUE')
AttributeError: 'NoneType' object has no attribute 'message'
2018-12-28 00:48:13,595 - telegram.ext.updater - ERROR - Error while getting Updates: Conflict: terminated by other getUpdates request; make sure that only one bot instance is running (409)
2018-12-28 00:48:13,595 - __main__ - WARNING - Update "None" caused error "Conflict: terminated by other getUpdates request; make sure that only one bot instance is running (409)"
2018-12-28 00:48:13,595 - telegram.ext.dispatcher - ERROR - An uncaught error was raised while handling the error
Traceback (most recent call last):
  File "E:/Program/GITHUB/dominion/dominion.py", line 291, in error
    raise error
  File "C:\Users\Administrator\AppData\Local\Programs\Python\Python35\lib\site-packages\telegram\ext\updater.py", line 312, in _network_loop_retry
    if not action_cb():
  File "C:\Users\Administrator\AppData\Local\Programs\Python\Python35\lib\site-packages\telegram\ext\updater.py", line 273, in polling_action_cb
    allowed_updates=allowed_updates)
  File "C:\Users\Administrator\AppData\Local\Programs\Python\Python35\lib\site-packages\telegram\bot.py", line 60, in decorator
    result = func(self, *args, **kwargs)
  File "C:\Users\Administrator\AppData\Local\Programs\Python\Python35\lib\site-packages\telegram\bot.py", line 1768, in get_updates
    result = self._request.post(url, data, timeout=float(read_latency) + float(timeout))
  File "C:\Users\Administrator\AppData\Local\Programs\Python\Python35\lib\site-packages\telegram\utils\request.py", line 278, in post
    **urlopen_kwargs)
  File "C:\Users\Administrator\AppData\Local\Programs\Python\Python35\lib\site-packages\telegram\utils\request.py", line 225, in _request_wrapper
    raise NetworkError('{0} ({1})'.format(message, resp.status))
telegram.error.NetworkError: Conflict: terminated by other getUpdates request; make sure that only one bot instance is running (409)

During handling of the above exception, another exception occurred:

Traceback (most recent call last):
  File "C:\Users\Administrator\AppData\Local\Programs\Python\Python35\lib\site-packages\telegram\ext\dispatcher.py", line 271, in process_update
    self.dispatch_error(None, update)
  File "C:\Users\Administrator\AppData\Local\Programs\Python\Python35\lib\site-packages\telegram\ext\dispatcher.py", line 384, in dispatch_error
    callback(self.bot, update, error)
  File "E:/Program/GITHUB/dominion/dominion.py", line 299, in error
    update.message.reply_text('NETWORK ISSUE')
AttributeError: 'NoneType' object has no attribute 'message'
2018-12-28 00:48:17,182 - telegram.ext.updater - ERROR - Error while getting Updates: Conflict: terminated by other getUpdates request; make sure that only one bot instance is running (409)
2018-12-28 00:48:17,182 - __main__ - WARNING - Update "None" caused error "Conflict: terminated by other getUpdates request; make sure that only one bot instance is running (409)"
2018-12-28 00:48:17,183 - telegram.ext.dispatcher - ERROR - An uncaught error was raised while handling the error
Traceback (most recent call last):
  File "E:/Program/GITHUB/dominion/dominion.py", line 291, in error
    raise error
  File "C:\Users\Administrator\AppData\Local\Programs\Python\Python35\lib\site-packages\telegram\ext\updater.py", line 312, in _network_loop_retry
    if not action_cb():
  File "C:\Users\Administrator\AppData\Local\Programs\Python\Python35\lib\site-packages\telegram\ext\updater.py", line 273, in polling_action_cb
    allowed_updates=allowed_updates)
  File "C:\Users\Administrator\AppData\Local\Programs\Python\Python35\lib\site-packages\telegram\bot.py", line 60, in decorator
    result = func(self, *args, **kwargs)
  File "C:\Users\Administrator\AppData\Local\Programs\Python\Python35\lib\site-packages\telegram\bot.py", line 1768, in get_updates
    result = self._request.post(url, data, timeout=float(read_latency) + float(timeout))
  File "C:\Users\Administrator\AppData\Local\Programs\Python\Python35\lib\site-packages\telegram\utils\request.py", line 278, in post
    **urlopen_kwargs)
  File "C:\Users\Administrator\AppData\Local\Programs\Python\Python35\lib\site-packages\telegram\utils\request.py", line 225, in _request_wrapper
    raise NetworkError('{0} ({1})'.format(message, resp.status))
telegram.error.NetworkError: Conflict: terminated by other getUpdates request; make sure that only one bot instance is running (409)

During handling of the above exception, another exception occurred:

Traceback (most recent call last):
  File "C:\Users\Administrator\AppData\Local\Programs\Python\Python35\lib\site-packages\telegram\ext\dispatcher.py", line 271, in process_update
    self.dispatch_error(None, update)
  File "C:\Users\Administrator\AppData\Local\Programs\Python\Python35\lib\site-packages\telegram\ext\dispatcher.py", line 384, in dispatch_error
    callback(self.bot, update, error)
  File "E:/Program/GITHUB/dominion/dominion.py", line 299, in error
    update.message.reply_text('NETWORK ISSUE')
AttributeError: 'NoneType' object has no attribute 'message'
2018-12-28 00:48:22,522 - telegram.ext.updater - ERROR - Error while getting Updates: Conflict: terminated by other getUpdates request; make sure that only one bot instance is running (409)
2018-12-28 00:48:22,539 - __main__ - WARNING - Update "None" caused error "Conflict: terminated by other getUpdates request; make sure that only one bot instance is running (409)"
2018-12-28 00:48:22,539 - telegram.ext.dispatcher - ERROR - An uncaught error was raised while handling the error
Traceback (most recent call last):
  File "E:/Program/GITHUB/dominion/dominion.py", line 291, in error
    raise error
  File "C:\Users\Administrator\AppData\Local\Programs\Python\Python35\lib\site-packages\telegram\ext\updater.py", line 312, in _network_loop_retry
    if not action_cb():
  File "C:\Users\Administrator\AppData\Local\Programs\Python\Python35\lib\site-packages\telegram\ext\updater.py", line 273, in polling_action_cb
    allowed_updates=allowed_updates)
  File "C:\Users\Administrator\AppData\Local\Programs\Python\Python35\lib\site-packages\telegram\bot.py", line 60, in decorator
    result = func(self, *args, **kwargs)
  File "C:\Users\Administrator\AppData\Local\Programs\Python\Python35\lib\site-packages\telegram\bot.py", line 1768, in get_updates
    result = self._request.post(url, data, timeout=float(read_latency) + float(timeout))
  File "C:\Users\Administrator\AppData\Local\Programs\Python\Python35\lib\site-packages\telegram\utils\request.py", line 278, in post
    **urlopen_kwargs)
  File "C:\Users\Administrator\AppData\Local\Programs\Python\Python35\lib\site-packages\telegram\utils\request.py", line 225, in _request_wrapper
    raise NetworkError('{0} ({1})'.format(message, resp.status))
telegram.error.NetworkError: Conflict: terminated by other getUpdates request; make sure that only one bot instance is running (409)

During handling of the above exception, another exception occurred:

Traceback (most recent call last):
  File "C:\Users\Administrator\AppData\Local\Programs\Python\Python35\lib\site-packages\telegram\ext\dispatcher.py", line 271, in process_update
    self.dispatch_error(None, update)
  File "C:\Users\Administrator\AppData\Local\Programs\Python\Python35\lib\site-packages\telegram\ext\dispatcher.py", line 384, in dispatch_error
    callback(self.bot, update, error)
  File "E:/Program/GITHUB/dominion/dominion.py", line 299, in error
    update.message.reply_text('NETWORK ISSUE')
AttributeError: 'NoneType' object has no attribute 'message'
2018-12-28 00:48:27,809 - telegram.ext.updater - ERROR - Error while getting Updates: Conflict: terminated by other getUpdates request; make sure that only one bot instance is running (409)
2018-12-28 00:48:27,809 - __main__ - WARNING - Update "None" caused error "Conflict: terminated by other getUpdates request; make sure that only one bot instance is running (409)"
2018-12-28 00:48:27,809 - telegram.ext.dispatcher - ERROR - An uncaught error was raised while handling the error
Traceback (most recent call last):
  File "E:/Program/GITHUB/dominion/dominion.py", line 291, in error
    raise error
  File "C:\Users\Administrator\AppData\Local\Programs\Python\Python35\lib\site-packages\telegram\ext\updater.py", line 312, in _network_loop_retry
    if not action_cb():
  File "C:\Users\Administrator\AppData\Local\Programs\Python\Python35\lib\site-packages\telegram\ext\updater.py", line 273, in polling_action_cb
    allowed_updates=allowed_updates)
  File "C:\Users\Administrator\AppData\Local\Programs\Python\Python35\lib\site-packages\telegram\bot.py", line 60, in decorator
    result = func(self, *args, **kwargs)
  File "C:\Users\Administrator\AppData\Local\Programs\Python\Python35\lib\site-packages\telegram\bot.py", line 1768, in get_updates
    result = self._request.post(url, data, timeout=float(read_latency) + float(timeout))
  File "C:\Users\Administrator\AppData\Local\Programs\Python\Python35\lib\site-packages\telegram\utils\request.py", line 278, in post
    **urlopen_kwargs)
  File "C:\Users\Administrator\AppData\Local\Programs\Python\Python35\lib\site-packages\telegram\utils\request.py", line 225, in _request_wrapper
    raise NetworkError('{0} ({1})'.format(message, resp.status))
telegram.error.NetworkError: Conflict: terminated by other getUpdates request; make sure that only one bot instance is running (409)

During handling of the above exception, another exception occurred:

Traceback (most recent call last):
  File "C:\Users\Administrator\AppData\Local\Programs\Python\Python35\lib\site-packages\telegram\ext\dispatcher.py", line 271, in process_update
    self.dispatch_error(None, update)
  File "C:\Users\Administrator\AppData\Local\Programs\Python\Python35\lib\site-packages\telegram\ext\dispatcher.py", line 384, in dispatch_error
    callback(self.bot, update, error)
  File "E:/Program/GITHUB/dominion/dominion.py", line 299, in error
    update.message.reply_text('NETWORK ISSUE')
AttributeError: 'NoneType' object has no attribute 'message'
2018-12-28 00:48:35,683 - telegram.ext.updater - ERROR - Error while getting Updates: Conflict: terminated by other getUpdates request; make sure that only one bot instance is running (409)
2018-12-28 00:48:35,683 - __main__ - WARNING - Update "None" caused error "Conflict: terminated by other getUpdates request; make sure that only one bot instance is running (409)"
2018-12-28 00:48:35,684 - telegram.ext.dispatcher - ERROR - An uncaught error was raised while handling the error
Traceback (most recent call last):
  File "E:/Program/GITHUB/dominion/dominion.py", line 291, in error
    raise error
  File "C:\Users\Administrator\AppData\Local\Programs\Python\Python35\lib\site-packages\telegram\ext\updater.py", line 312, in _network_loop_retry
    if not action_cb():
  File "C:\Users\Administrator\AppData\Local\Programs\Python\Python35\lib\site-packages\telegram\ext\updater.py", line 273, in polling_action_cb
    allowed_updates=allowed_updates)
  File "C:\Users\Administrator\AppData\Local\Programs\Python\Python35\lib\site-packages\telegram\bot.py", line 60, in decorator
    result = func(self, *args, **kwargs)
  File "C:\Users\Administrator\AppData\Local\Programs\Python\Python35\lib\site-packages\telegram\bot.py", line 1768, in get_updates
    result = self._request.post(url, data, timeout=float(read_latency) + float(timeout))
  File "C:\Users\Administrator\AppData\Local\Programs\Python\Python35\lib\site-packages\telegram\utils\request.py", line 278, in post
    **urlopen_kwargs)
  File "C:\Users\Administrator\AppData\Local\Programs\Python\Python35\lib\site-packages\telegram\utils\request.py", line 225, in _request_wrapper
    raise NetworkError('{0} ({1})'.format(message, resp.status))
telegram.error.NetworkError: Conflict: terminated by other getUpdates request; make sure that only one bot instance is running (409)

During handling of the above exception, another exception occurred:

Traceback (most recent call last):
  File "C:\Users\Administrator\AppData\Local\Programs\Python\Python35\lib\site-packages\telegram\ext\dispatcher.py", line 271, in process_update
    self.dispatch_error(None, update)
  File "C:\Users\Administrator\AppData\Local\Programs\Python\Python35\lib\site-packages\telegram\ext\dispatcher.py", line 384, in dispatch_error
    callback(self.bot, update, error)
  File "E:/Program/GITHUB/dominion/dominion.py", line 299, in error
    update.message.reply_text('NETWORK ISSUE')
AttributeError: 'NoneType' object has no attribute 'message'
2018-12-28 00:48:43,485 - telegram.ext.updater - ERROR - Error while getting Updates: Conflict: terminated by other getUpdates request; make sure that only one bot instance is running (409)
2018-12-28 00:48:43,485 - __main__ - WARNING - Update "None" caused error "Conflict: terminated by other getUpdates request; make sure that only one bot instance is running (409)"
2018-12-28 00:48:43,485 - telegram.ext.dispatcher - ERROR - An uncaught error was raised while handling the error
Traceback (most recent call last):
  File "E:/Program/GITHUB/dominion/dominion.py", line 291, in error
    raise error
  File "C:\Users\Administrator\AppData\Local\Programs\Python\Python35\lib\site-packages\telegram\ext\updater.py", line 312, in _network_loop_retry
    if not action_cb():
  File "C:\Users\Administrator\AppData\Local\Programs\Python\Python35\lib\site-packages\telegram\ext\updater.py", line 273, in polling_action_cb
    allowed_updates=allowed_updates)
  File "C:\Users\Administrator\AppData\Local\Programs\Python\Python35\lib\site-packages\telegram\bot.py", line 60, in decorator
    result = func(self, *args, **kwargs)
  File "C:\Users\Administrator\AppData\Local\Programs\Python\Python35\lib\site-packages\telegram\bot.py", line 1768, in get_updates
    result = self._request.post(url, data, timeout=float(read_latency) + float(timeout))
  File "C:\Users\Administrator\AppData\Local\Programs\Python\Python35\lib\site-packages\telegram\utils\request.py", line 278, in post
    **urlopen_kwargs)
  File "C:\Users\Administrator\AppData\Local\Programs\Python\Python35\lib\site-packages\telegram\utils\request.py", line 225, in _request_wrapper
    raise NetworkError('{0} ({1})'.format(message, resp.status))
telegram.error.NetworkError: Conflict: terminated by other getUpdates request; make sure that only one bot instance is running (409)

During handling of the above exception, another exception occurred:

Traceback (most recent call last):
  File "C:\Users\Administrator\AppData\Local\Programs\Python\Python35\lib\site-packages\telegram\ext\dispatcher.py", line 271, in process_update
    self.dispatch_error(None, update)
  File "C:\Users\Administrator\AppData\Local\Programs\Python\Python35\lib\site-packages\telegram\ext\dispatcher.py", line 384, in dispatch_error
    callback(self.bot, update, error)
  File "E:/Program/GITHUB/dominion/dominion.py", line 299, in error
    update.message.reply_text('NETWORK ISSUE')
AttributeError: 'NoneType' object has no attribute 'message'
2018-12-28 00:48:55,154 - telegram.ext.updater - ERROR - Error while getting Updates: Conflict: terminated by other getUpdates request; make sure that only one bot instance is running (409)
2018-12-28 00:48:55,155 - __main__ - WARNING - Update "None" caused error "Conflict: terminated by other getUpdates request; make sure that only one bot instance is running (409)"
2018-12-28 00:48:55,155 - telegram.ext.dispatcher - ERROR - An uncaught error was raised while handling the error
Traceback (most recent call last):
  File "E:/Program/GITHUB/dominion/dominion.py", line 291, in error
    raise error
  File "C:\Users\Administrator\AppData\Local\Programs\Python\Python35\lib\site-packages\telegram\ext\updater.py", line 312, in _network_loop_retry
    if not action_cb():
  File "C:\Users\Administrator\AppData\Local\Programs\Python\Python35\lib\site-packages\telegram\ext\updater.py", line 273, in polling_action_cb
    allowed_updates=allowed_updates)
  File "C:\Users\Administrator\AppData\Local\Programs\Python\Python35\lib\site-packages\telegram\bot.py", line 60, in decorator
    result = func(self, *args, **kwargs)
  File "C:\Users\Administrator\AppData\Local\Programs\Python\Python35\lib\site-packages\telegram\bot.py", line 1768, in get_updates
    result = self._request.post(url, data, timeout=float(read_latency) + float(timeout))
  File "C:\Users\Administrator\AppData\Local\Programs\Python\Python35\lib\site-packages\telegram\utils\request.py", line 278, in post
    **urlopen_kwargs)
  File "C:\Users\Administrator\AppData\Local\Programs\Python\Python35\lib\site-packages\telegram\utils\request.py", line 225, in _request_wrapper
    raise NetworkError('{0} ({1})'.format(message, resp.status))
telegram.error.NetworkError: Conflict: terminated by other getUpdates request; make sure that only one bot instance is running (409)

During handling of the above exception, another exception occurred:

Traceback (most recent call last):
  File "C:\Users\Administrator\AppData\Local\Programs\Python\Python35\lib\site-packages\telegram\ext\dispatcher.py", line 271, in process_update
    self.dispatch_error(None, update)
  File "C:\Users\Administrator\AppData\Local\Programs\Python\Python35\lib\site-packages\telegram\ext\dispatcher.py", line 384, in dispatch_error
    callback(self.bot, update, error)
  File "E:/Program/GITHUB/dominion/dominion.py", line 299, in error
    update.message.reply_text('NETWORK ISSUE')
AttributeError: 'NoneType' object has no attribute 'message'
2018-12-28 00:48:59,364 - telegram.ext.updater - ERROR - Error while getting Updates: Conflict: terminated by other getUpdates request; make sure that only one bot instance is running (409)
2018-12-28 00:48:59,364 - __main__ - WARNING - Update "None" caused error "Conflict: terminated by other getUpdates request; make sure that only one bot instance is running (409)"
2018-12-28 00:48:59,364 - telegram.ext.dispatcher - ERROR - An uncaught error was raised while handling the error
Traceback (most recent call last):
  File "E:/Program/GITHUB/dominion/dominion.py", line 291, in error
    raise error
  File "C:\Users\Administrator\AppData\Local\Programs\Python\Python35\lib\site-packages\telegram\ext\updater.py", line 312, in _network_loop_retry
    if not action_cb():
  File "C:\Users\Administrator\AppData\Local\Programs\Python\Python35\lib\site-packages\telegram\ext\updater.py", line 273, in polling_action_cb
    allowed_updates=allowed_updates)
  File "C:\Users\Administrator\AppData\Local\Programs\Python\Python35\lib\site-packages\telegram\bot.py", line 60, in decorator
    result = func(self, *args, **kwargs)
  File "C:\Users\Administrator\AppData\Local\Programs\Python\Python35\lib\site-packages\telegram\bot.py", line 1768, in get_updates
    result = self._request.post(url, data, timeout=float(read_latency) + float(timeout))
  File "C:\Users\Administrator\AppData\Local\Programs\Python\Python35\lib\site-packages\telegram\utils\request.py", line 278, in post
    **urlopen_kwargs)
  File "C:\Users\Administrator\AppData\Local\Programs\Python\Python35\lib\site-packages\telegram\utils\request.py", line 225, in _request_wrapper
    raise NetworkError('{0} ({1})'.format(message, resp.status))
telegram.error.NetworkError: Conflict: terminated by other getUpdates request; make sure that only one bot instance is running (409)

During handling of the above exception, another exception occurred:

Traceback (most recent call last):
  File "C:\Users\Administrator\AppData\Local\Programs\Python\Python35\lib\site-packages\telegram\ext\dispatcher.py", line 271, in process_update
    self.dispatch_error(None, update)
  File "C:\Users\Administrator\AppData\Local\Programs\Python\Python35\lib\site-packages\telegram\ext\dispatcher.py", line 384, in dispatch_error
    callback(self.bot, update, error)
  File "E:/Program/GITHUB/dominion/dominion.py", line 299, in error
    update.message.reply_text('NETWORK ISSUE')
AttributeError: 'NoneType' object has no attribute 'message'
2019-01-01 06:17:10,218 - telegram.ext.dispatcher - ERROR - An uncaught error was raised while processing the update
Traceback (most recent call last):
  File "C:\Users\Administrator\AppData\Local\Programs\Python\Python35\lib\site-packages\telegram\ext\dispatcher.py", line 279, in process_update
    handler.handle_update(update, self)
  File "C:\Users\Administrator\AppData\Local\Programs\Python\Python35\lib\site-packages\telegram\ext\commandhandler.py", line 173, in handle_update
    return self.callback(dispatcher.bot, update, **optional_args)
  File "E:/Program/GITHUB/dominion/dominion.py", line 149, in draw
    deckplayer1 = grave
UnboundLocalError: local variable 'grave' referenced before assignment
2019-01-01 06:19:31,946 - telegram.ext.dispatcher - WARNING - A TelegramError was raised while processing the Update
2019-01-01 06:19:31,946 - __main__ - WARNING - Update "{'update_id': 773021335, 'message': {'date': 1546294760, 'new_chat_photo': [], 'caption_entities': [], 'entities': [{'offset': 0, 'length': 4, 'type': 'bot_command'}], 'group_chat_created': False, 'message_id': 4376, 'supergroup_chat_created': False, 'text': '/buy', 'channel_chat_created': False, 'from': {'username': 'Fukai_217', 'id': 337412327, 'language_code': 'zh-hans', 'first_name': 'Fukai', 'is_bot': False}, 'new_chat_members': [], 'photo': [], 'chat': {'title': 'GitHub repoes', 'id': -273384150, 'all_members_are_administrators': True, 'type': 'group'}, 'reply_to_message': {'date': 1546294759, 'new_chat_photo': [], 'caption_entities': [], 'entities': [{'offset': 69, 'length': 4, 'type': 'bot_command'}, {'offset': 81, 'length': 4, 'type': 'bot_command'}], 'group_chat_created': False, 'message_id': 4375, 'supergroup_chat_created': False, 'text': "You got ['estates', 'copper', 'copper', 'copper', 'copper'] .\nType ( /buy ) or ( /use ) to proceed", 'channel_chat_created': False, 'from': {'username': 'DOMINION_IM_BOT', 'id': 599551578, 'first_name': 'DOMINION', 'is_bot': True}, 'new_chat_members': [], 'photo': [], 'chat': {'title': 'GitHub repoes', 'id': -273384150, 'all_members_are_administrators': True, 'type': 'group'}, 'delete_chat_photo': False}, 'delete_chat_photo': False}}" caused error "Timed out"
2019-01-01 06:25:41,156 - telegram.ext.dispatcher - WARNING - A TelegramError was raised while processing the Update
2019-01-01 06:25:41,156 - __main__ - WARNING - Update "{'message': {'supergroup_chat_created': False, 'date': 1546295130, 'chat': {'title': 'GitHub repoes', 'id': -273384150, 'all_members_are_administrators': True, 'type': 'group'}, 'photo': [], 'channel_chat_created': False, 'message_id': 4406, 'new_chat_photo': [], 'text': '/buy@DOMINION_IM_BOT', 'delete_chat_photo': False, 'group_chat_created': False, 'new_chat_members': [], 'from': {'is_bot': False, 'language_code': 'zh-hans', 'username': 'inuwazz', 'first_name': '¤j©M', 'id': 436384576}, 'caption_entities': [], 'entities': [{'offset': 0, 'length': 20, 'type': 'bot_command'}]}, 'update_id': 773021345}" caused error "Timed out"
2019-01-03 16:09:20,218 - telegram.ext.updater - ERROR - Error while getting Updates: Conflict: terminated by other getUpdates request; make sure that only one bot instance is running (409)
2019-01-03 16:09:20,225 - __main__ - WARNING - Update "None" caused error "Conflict: terminated by other getUpdates request; make sure that only one bot instance is running (409)"
2019-01-03 18:20:14,510 - telegram.ext.dispatcher - WARNING - A TelegramError was raised while processing the Update
2019-01-03 18:20:14,510 - __main__ - WARNING - Update "{'message': {'group_chat_created': False, 'caption_entities': [], 'new_chat_photo': [], 'message_id': 4564, 'new_chat_members': [], 'entities': [{'length': 20, 'offset': 0, 'type': 'bot_command'}], 'channel_chat_created': False, 'photo': [], 'date': 1546510800, 'text': '/end@DOMINION_IM_BOT', 'chat': {'id': -273384150, 'title': 'GitHub repoes', 'all_members_are_administrators': True, 'type': 'group'}, 'from': {'is_bot': False, 'username': 'Fukai_217', 'id': 337412327, 'first_name': 'Fukai', 'language_code': 'en'}, 'delete_chat_photo': False, 'supergroup_chat_created': False}, 'update_id': 773021402}" caused error "Timed out"
2019-01-03 18:22:33,062 - telegram.ext.dispatcher - WARNING - A TelegramError was raised while processing the Update
2019-01-03 18:22:33,062 - __main__ - WARNING - Update "{'update_id': 773021411, 'message': {'caption_entities': [], 'channel_chat_created': False, 'delete_chat_photo': False, 'date': 1546510936, 'new_chat_members': [], 'group_chat_created': False, 'text': '/buy@DOMINION_IM_BOT', 'entities': [{'type': 'bot_command', 'length': 20, 'offset': 0}], 'photo': [], 'message_id': 4589, 'supergroup_chat_created': False, 'from': {'is_bot': False, 'language_code': 'en', 'username': 'Fukai_217', 'first_name': 'Fukai', 'id': 337412327}, 'chat': {'type': 'group', 'id': -273384150, 'all_members_are_administrators': True, 'title': 'GitHub repoes'}, 'new_chat_photo': []}}" caused error "Timed out"
2019-01-03 18:24:18,060 - telegram.ext.dispatcher - ERROR - An uncaught error was raised while processing the update
Traceback (most recent call last):
  File "C:\Users\Administrator\AppData\Local\Programs\Python\Python35\lib\site-packages\telegram\ext\dispatcher.py", line 279, in process_update
    handler.handle_update(update, self)
  File "C:\Users\Administrator\AppData\Local\Programs\Python\Python35\lib\site-packages\telegram\ext\commandhandler.py", line 173, in handle_update
    return self.callback(dispatcher.bot, update, **optional_args)
  File "E:/Program/GITHUB/dominion/dominion.py", line 200, in use
    hand[x] = str(tempp)
NameError: name 'tempp' is not defined
2019-01-03 18:25:22,123 - telegram.ext.dispatcher - ERROR - An uncaught error was raised while processing the update
Traceback (most recent call last):
  File "C:\Users\Administrator\AppData\Local\Programs\Python\Python35\lib\site-packages\telegram\ext\dispatcher.py", line 279, in process_update
    handler.handle_update(update, self)
  File "C:\Users\Administrator\AppData\Local\Programs\Python\Python35\lib\site-packages\telegram\ext\commandhandler.py", line 173, in handle_update
    return self.callback(dispatcher.bot, update, **optional_args)
  File "E:/Program/GITHUB/dominion/dominion.py", line 200, in use
    hand[x] = str(tempp)
NameError: name 'tempp' is not defined
2019-01-03 18:29:13,450 - telegram.ext.dispatcher - ERROR - An uncaught error was raised while processing the update
Traceback (most recent call last):
  File "C:\Users\Administrator\AppData\Local\Programs\Python\Python35\lib\site-packages\telegram\ext\dispatcher.py", line 279, in process_update
    handler.handle_update(update, self)
  File "C:\Users\Administrator\AppData\Local\Programs\Python\Python35\lib\site-packages\telegram\ext\commandhandler.py", line 173, in handle_update
    return self.callback(dispatcher.bot, update, **optional_args)
  File "E:/Program/GITHUB/dominion/dominion.py", line 201, in use
    hand[x] = str(tempp)
NameError: name 'tempp' is not defined
2019-01-03 18:32:50,200 - telegram.ext.updater - ERROR - Error while getting Updates: Conflict: terminated by other getUpdates request; make sure that only one bot instance is running (409)
2019-01-03 18:32:50,200 - __main__ - WARNING - Update "None" caused error "Conflict: terminated by other getUpdates request; make sure that only one bot instance is running (409)"
2019-01-03 18:32:51,469 - telegram.ext.updater - ERROR - Error while getting Updates: Conflict: terminated by other getUpdates request; make sure that only one bot instance is running (409)
2019-01-03 18:32:51,469 - __main__ - WARNING - Update "None" caused error "Conflict: terminated by other getUpdates request; make sure that only one bot instance is running (409)"
2019-01-03 18:32:55,728 - telegram.ext.updater - ERROR - Error while getting Updates: Conflict: terminated by other getUpdates request; make sure that only one bot instance is running (409)
2019-01-03 18:32:55,728 - __main__ - WARNING - Update "None" caused error "Conflict: terminated by other getUpdates request; make sure that only one bot instance is running (409)"
2019-01-03 18:33:11,324 - telegram.ext.dispatcher - ERROR - An uncaught error was raised while processing the update
Traceback (most recent call last):
  File "C:\Users\Administrator\AppData\Local\Programs\Python\Python35\lib\site-packages\telegram\ext\dispatcher.py", line 279, in process_update
    handler.handle_update(update, self)
  File "C:\Users\Administrator\AppData\Local\Programs\Python\Python35\lib\site-packages\telegram\ext\commandhandler.py", line 173, in handle_update
    return self.callback(dispatcher.bot, update, **optional_args)
  File "E:/Program/GITHUB/dominion/dominion.py", line 202, in use
    hand[x] = str(tempp)
NameError: name 'tempp' is not defined
2019-01-03 18:36:36,082 - telegram.ext.updater - ERROR - Error while getting Updates: Conflict: terminated by other getUpdates request; make sure that only one bot instance is running (409)
2019-01-03 18:36:36,082 - __main__ - WARNING - Update "None" caused error "Conflict: terminated by other getUpdates request; make sure that only one bot instance is running (409)"
2019-01-03 18:36:38,990 - telegram.ext.updater - ERROR - Error while getting Updates: Conflict: terminated by other getUpdates request; make sure that only one bot instance is running (409)
2019-01-03 18:36:38,990 - __main__ - WARNING - Update "None" caused error "Conflict: terminated by other getUpdates request; make sure that only one bot instance is running (409)"
2019-01-03 18:36:40,355 - telegram.ext.updater - ERROR - Error while getting Updates: Conflict: terminated by other getUpdates request; make sure that only one bot instance is running (409)
2019-01-03 18:36:40,356 - __main__ - WARNING - Update "None" caused error "Conflict: terminated by other getUpdates request; make sure that only one bot instance is running (409)"
2019-01-03 18:36:44,610 - telegram.ext.updater - ERROR - Error while getting Updates: Conflict: terminated by other getUpdates request; make sure that only one bot instance is running (409)
2019-01-03 18:36:44,610 - __main__ - WARNING - Update "None" caused error "Conflict: terminated by other getUpdates request; make sure that only one bot instance is running (409)"
2019-01-03 18:36:44,789 - telegram.ext.updater - ERROR - Error while getting Updates: Conflict: terminated by other getUpdates request; make sure that only one bot instance is running (409)
2019-01-03 18:36:44,789 - __main__ - WARNING - Update "None" caused error "Conflict: terminated by other getUpdates request; make sure that only one bot instance is running (409)"
2019-01-03 18:36:50,131 - telegram.ext.updater - ERROR - Error while getting Updates: Conflict: terminated by other getUpdates request; make sure that only one bot instance is running (409)
2019-01-03 18:36:50,131 - __main__ - WARNING - Update "None" caused error "Conflict: terminated by other getUpdates request; make sure that only one bot instance is running (409)"
2019-01-03 18:36:50,595 - telegram.ext.updater - ERROR - Error while getting Updates: Conflict: terminated by other getUpdates request; make sure that only one bot instance is running (409)
2019-01-03 18:36:50,596 - __main__ - WARNING - Update "None" caused error "Conflict: terminated by other getUpdates request; make sure that only one bot instance is running (409)"
2019-01-03 18:37:12,548 - telegram.ext.dispatcher - ERROR - An uncaught error was raised while processing the update
Traceback (most recent call last):
  File "C:\Users\Administrator\AppData\Local\Programs\Python\Python35\lib\site-packages\telegram\ext\dispatcher.py", line 279, in process_update
    handler.handle_update(update, self)
  File "C:\Users\Administrator\AppData\Local\Programs\Python\Python35\lib\site-packages\telegram\ext\commandhandler.py", line 173, in handle_update
    return self.callback(dispatcher.bot, update, **optional_args)
  File "E:/Program/GITHUB/dominion/dominion.py", line 201, in use
    hand[x] = str(tempp)
NameError: name 'tempp' is not defined
2019-01-03 18:39:27,239 - telegram.ext.updater - ERROR - Error while getting Updates: Conflict: terminated by other getUpdates request; make sure that only one bot instance is running (409)
2019-01-03 18:39:27,240 - __main__ - WARNING - Update "None" caused error "Conflict: terminated by other getUpdates request; make sure that only one bot instance is running (409)"
2019-01-03 18:39:45,300 - telegram.ext.dispatcher - ERROR - An uncaught error was raised while processing the update
Traceback (most recent call last):
  File "C:\Users\Administrator\AppData\Local\Programs\Python\Python35\lib\site-packages\telegram\ext\dispatcher.py", line 279, in process_update
    handler.handle_update(update, self)
  File "C:\Users\Administrator\AppData\Local\Programs\Python\Python35\lib\site-packages\telegram\ext\commandhandler.py", line 173, in handle_update
    return self.callback(dispatcher.bot, update, **optional_args)
  File "E:/Program/GITHUB/dominion/dominion.py", line 201, in use
    hand[x] = str(tempp)
NameError: name 'tempp' is not defined
2019-01-03 18:43:56,217 - telegram.ext.updater - ERROR - Error while getting Updates: Conflict: terminated by other getUpdates request; make sure that only one bot instance is running (409)
2019-01-03 18:43:56,218 - __main__ - WARNING - Update "None" caused error "Conflict: terminated by other getUpdates request; make sure that only one bot instance is running (409)"
2019-01-03 18:47:42,034 - telegram.ext.dispatcher - ERROR - An uncaught error was raised while processing the update
Traceback (most recent call last):
  File "C:\Users\Administrator\AppData\Local\Programs\Python\Python35\lib\site-packages\telegram\ext\dispatcher.py", line 279, in process_update
    handler.handle_update(update, self)
  File "C:\Users\Administrator\AppData\Local\Programs\Python\Python35\lib\site-packages\telegram\ext\commandhandler.py", line 173, in handle_update
    return self.callback(dispatcher.bot, update, **optional_args)
  File "E:/Program/GITHUB/dominion/dominion.py", line 194, in use
    reply_markup = InlineKeyboardMarkup(keyboard)
UnboundLocalError: local variable 'keyboard' referenced before assignment
2019-01-03 18:47:53,649 - telegram.ext.dispatcher - ERROR - An uncaught error was raised while processing the update
Traceback (most recent call last):
  File "C:\Users\Administrator\AppData\Local\Programs\Python\Python35\lib\site-packages\telegram\ext\dispatcher.py", line 279, in process_update
    handler.handle_update(update, self)
  File "C:\Users\Administrator\AppData\Local\Programs\Python\Python35\lib\site-packages\telegram\ext\commandhandler.py", line 173, in handle_update
    return self.callback(dispatcher.bot, update, **optional_args)
  File "E:/Program/GITHUB/dominion/dominion.py", line 194, in use
    reply_markup = InlineKeyboardMarkup(keyboard)
UnboundLocalError: local variable 'keyboard' referenced before assignment
2019-01-03 18:49:05,005 - telegram.ext.dispatcher - ERROR - An uncaught error was raised while processing the update
Traceback (most recent call last):
  File "C:\Users\Administrator\AppData\Local\Programs\Python\Python35\lib\site-packages\telegram\ext\dispatcher.py", line 279, in process_update
    handler.handle_update(update, self)
  File "C:\Users\Administrator\AppData\Local\Programs\Python\Python35\lib\site-packages\telegram\ext\commandhandler.py", line 173, in handle_update
    return self.callback(dispatcher.bot, update, **optional_args)
  File "E:/Program/GITHUB/dominion/dominion.py", line 201, in use
    hand[i] = str(tempp)
NameError: name 'tempp' is not defined
2019-01-03 18:59:41,398 - telegram.ext.updater - ERROR - Error while getting Updates: Conflict: terminated by other getUpdates request; make sure that only one bot instance is running (409)
2019-01-03 18:59:41,399 - __main__ - WARNING - Update "None" caused error "Conflict: terminated by other getUpdates request; make sure that only one bot instance is running (409)"
2019-01-03 19:03:51,250 - telegram.ext.dispatcher - WARNING - A TelegramError was raised while processing the Update
2019-01-03 19:03:51,250 - __main__ - WARNING - Update "{'update_id': 773021489, 'message': {'supergroup_chat_created': False, 'caption_entities': [], 'delete_chat_photo': False, 'new_chat_members': [], 'chat': {'all_members_are_administrators': True, 'title': 'GitHub repoes', 'id': -273384150, 'type': 'group'}, 'new_chat_photo': [], 'entities': [{'offset': 0, 'length': 20, 'type': 'bot_command'}], 'from': {'username': 'inuwazz', 'is_bot': False, 'first_name': '¤j©M', 'id': 436384576, 'language_code': 'zh-hans'}, 'date': 1546513416, 'message_id': 4796, 'text': '/end@DOMINION_IM_BOT', 'channel_chat_created': False, 'photo': [], 'group_chat_created': False}}" caused error "Timed out"
2019-01-03 19:04:45,096 - telegram.ext.dispatcher - WARNING - A TelegramError was raised while processing the Update
2019-01-03 19:04:45,096 - __main__ - WARNING - Update "{'update_id': 773021495, 'message': {'supergroup_chat_created': False, 'caption_entities': [], 'delete_chat_photo': False, 'new_chat_members': [], 'chat': {'all_members_are_administrators': True, 'title': 'GitHub repoes', 'id': -273384150, 'type': 'group'}, 'new_chat_photo': [], 'entities': [{'offset': 0, 'length': 20, 'type': 'bot_command'}], 'from': {'username': 'inuwazz', 'is_bot': False, 'first_name': '¤j©M', 'id': 436384576, 'language_code': 'zh-hans'}, 'date': 1546513465, 'message_id': 4816, 'text': '/use@DOMINION_IM_BOT', 'channel_chat_created': False, 'photo': [], 'group_chat_created': False}}" caused error "Timed out"
2019-01-03 19:56:36,521 - telegram.ext.dispatcher - WARNING - A TelegramError was raised while processing the Update
2019-01-03 19:56:36,521 - __main__ - WARNING - Update "{'update_id': 773021519, 'message': {'entities': [{'type': 'bot_command', 'length': 4, 'offset': 0}], 'group_chat_created': False, 'chat': {'type': 'group', 'title': 'GitHub repoes', 'all_members_are_administrators': True, 'id': -273384150}, 'text': '/end', 'photo': [], 'channel_chat_created': False, 'new_chat_photo': [], 'caption_entities': [], 'delete_chat_photo': False, 'reply_to_message': {'entities': [{'type': 'bot_command', 'length': 4, 'offset': 33}], 'group_chat_created': False, 'chat': {'type': 'group', 'title': 'GitHub repoes', 'all_members_are_administrators': True, 'id': -273384150}, 'text': 'You have bought Village .\nType ( /end ) to finish buying.', 'photo': [], 'edit_date': 1546516581, 'channel_chat_created': False, 'new_chat_photo': [], 'caption_entities': [], 'delete_chat_photo': False, 'new_chat_members': [], 'message_id': 4885, 'date': 1546516569, 'from': {'id': 599551578, 'is_bot': True, 'first_name': 'DOMINION', 'username': 'DOMINION_IM_BOT'}, 'supergroup_chat_created': False}, 'new_chat_members': [], 'message_id': 4886, 'date': 1546516583, 'from': {'id': 337412327, 'language_code': 'zh-hans', 'first_name': 'Fukai', 'username': 'Fukai_217', 'is_bot': False}, 'supergroup_chat_created': False}}" caused error "Timed out"
2019-01-03 19:59:41,289 - telegram.ext.dispatcher - WARNING - A TelegramError was raised while processing the Update
2019-01-03 19:59:41,289 - __main__ - WARNING - Update "{'update_id': 773021528, 'callback_query': {'chat_instance': '2291508827318073585', 'data': 'Village', 'id': '1874257484409029053', 'message': {'entities': [], 'group_chat_created': False, 'chat': {'type': 'group', 'title': 'GitHub repoes', 'all_members_are_administrators': True, 'id': -273384150}, 'text': 'Cards available :', 'photo': [], 'channel_chat_created': False, 'new_chat_photo': [], 'caption_entities': [], 'delete_chat_photo': False, 'reply_to_message': {'entities': [{'type': 'bot_command', 'length': 4, 'offset': 0}], 'group_chat_created': False, 'chat': {'type': 'group', 'title': 'GitHub repoes', 'all_members_are_administrators': True, 'id': -273384150}, 'text': '/buy', 'photo': [], 'channel_chat_created': False, 'new_chat_photo': [], 'caption_entities': [], 'delete_chat_photo': False, 'new_chat_members': [], 'message_id': 4906, 'date': 1546516760, 'from': {'id': 436384576, 'language_code': 'zh-hans', 'first_name': '¤j©M', 'username': 'inuwazz', 'is_bot': False}, 'supergroup_chat_created': False}, 'new_chat_members': [], 'message_id': 4911, 'date': 1546516763, 'from': {'id': 599551578, 'is_bot': True, 'first_name': 'DOMINION', 'username': 'DOMINION_IM_BOT'}, 'supergroup_chat_created': False}, 'from': {'id': 436384576, 'language_code': 'zh-hans', 'first_name': '¤j©M', 'username': 'inuwazz', 'is_bot': False}}}" caused error "Timed out"
2019-01-03 19:59:47,081 - telegram.ext.dispatcher - WARNING - A TelegramError was raised while processing the Update
2019-01-03 19:59:47,081 - __main__ - WARNING - Update "{'update_id': 773021529, 'callback_query': {'chat_instance': '2291508827318073585', 'data': 'Village', 'id': '1874257483793112618', 'message': {'entities': [], 'group_chat_created': False, 'chat': {'type': 'group', 'title': 'GitHub repoes', 'all_members_are_administrators': True, 'id': -273384150}, 'text': 'Cards available :', 'photo': [], 'channel_chat_created': False, 'new_chat_photo': [], 'caption_entities': [], 'delete_chat_photo': False, 'reply_to_message': {'entities': [{'type': 'bot_command', 'length': 4, 'offset': 0}], 'group_chat_created': False, 'chat': {'type': 'group', 'title': 'GitHub repoes', 'all_members_are_administrators': True, 'id': -273384150}, 'text': '/buy', 'photo': [], 'channel_chat_created': False, 'new_chat_photo': [], 'caption_entities': [], 'delete_chat_photo': False, 'new_chat_members': [], 'message_id': 4906, 'date': 1546516760, 'from': {'id': 436384576, 'language_code': 'zh-hans', 'first_name': '¤j©M', 'username': 'inuwazz', 'is_bot': False}, 'supergroup_chat_created': False}, 'new_chat_members': [], 'message_id': 4911, 'date': 1546516763, 'from': {'id': 599551578, 'is_bot': True, 'first_name': 'DOMINION', 'username': 'DOMINION_IM_BOT'}, 'supergroup_chat_created': False}, 'from': {'id': 436384576, 'language_code': 'zh-hans', 'first_name': '¤j©M', 'username': 'inuwazz', 'is_bot': False}}}" caused error "Timed out"
2019-01-03 19:59:52,853 - telegram.ext.dispatcher - WARNING - A TelegramError was raised while processing the Update
2019-01-03 19:59:52,853 - __main__ - WARNING - Update "{'update_id': 773021530, 'message': {'entities': [{'type': 'bot_command', 'length': 4, 'offset': 0}], 'group_chat_created': False, 'chat': {'type': 'group', 'title': 'GitHub repoes', 'all_members_are_administrators': True, 'id': -273384150}, 'text': '/end', 'photo': [], 'channel_chat_created': False, 'new_chat_photo': [], 'caption_entities': [], 'delete_chat_photo': False, 'reply_to_message': {'entities': [{'type': 'bot_command', 'length': 4, 'offset': 33}], 'group_chat_created': False, 'chat': {'type': 'group', 'title': 'GitHub repoes', 'all_members_are_administrators': True, 'id': -273384150}, 'text': 'You have bought Village .\nType ( /end ) to finish buying.', 'photo': [], 'edit_date': 1546516767, 'channel_chat_created': False, 'new_chat_photo': [], 'caption_entities': [], 'delete_chat_photo': False, 'new_chat_members': [], 'message_id': 4911, 'date': 1546516763, 'from': {'id': 599551578, 'is_bot': True, 'first_name': 'DOMINION', 'username': 'DOMINION_IM_BOT'}, 'supergroup_chat_created': False}, 'new_chat_members': [], 'message_id': 4912, 'date': 1546516768, 'from': {'id': 436384576, 'language_code': 'zh-hans', 'first_name': '¤j©M', 'username': 'inuwazz', 'is_bot': False}, 'supergroup_chat_created': False}}" caused error "Timed out"
2019-01-03 20:00:00,809 - telegram.ext.dispatcher - WARNING - A TelegramError was raised while processing the Update
2019-01-03 20:00:00,809 - __main__ - WARNING - Update "{'update_id': 773021531, 'message': {'entities': [{'type': 'bot_command', 'length': 4, 'offset': 0}], 'group_chat_created': False, 'chat': {'type': 'group', 'title': 'GitHub repoes', 'all_members_are_administrators': True, 'id': -273384150}, 'text': '/end', 'photo': [], 'channel_chat_created': False, 'new_chat_photo': [], 'caption_entities': [], 'delete_chat_photo': False, 'reply_to_message': {'entities': [{'type': 'bot_command', 'length': 4, 'offset': 33}], 'group_chat_created': False, 'chat': {'type': 'group', 'title': 'GitHub repoes', 'all_members_are_administrators': True, 'id': -273384150}, 'text': 'You have bought Village .\nType ( /end ) to finish buying.', 'photo': [], 'edit_date': 1546516767, 'channel_chat_created': False, 'new_chat_photo': [], 'caption_entities': [], 'delete_chat_photo': False, 'new_chat_members': [], 'message_id': 4911, 'date': 1546516763, 'from': {'id': 599551578, 'is_bot': True, 'first_name': 'DOMINION', 'username': 'DOMINION_IM_BOT'}, 'supergroup_chat_created': False}, 'new_chat_members': [], 'message_id': 4913, 'date': 1546516786, 'from': {'id': 436384576, 'language_code': 'zh-hans', 'first_name': '¤j©M', 'username': 'inuwazz', 'is_bot': False}, 'supergroup_chat_created': False}}" caused error "Timed out"
2019-01-03 20:16:23,664 - telegram.ext.dispatcher - WARNING - A TelegramError was raised while processing the Update
2019-01-03 20:16:23,664 - __main__ - WARNING - Update "{'update_id': 773021563, 'message': {'photo': [], 'message_id': 5000, 'chat': {'all_members_are_administrators': True, 'title': 'GitHub repoes', 'id': -273384150, 'type': 'group'}, 'channel_chat_created': False, 'group_chat_created': False, 'caption_entities': [], 'new_chat_members': [], 'date': 1546517769, 'new_chat_photo': [], 'text': '/buy', 'from': {'is_bot': False, 'username': 'Fukai_217', 'language_code': 'zh-hans', 'id': 337412327, 'first_name': 'Fukai'}, 'supergroup_chat_created': False, 'entities': [{'offset': 0, 'type': 'bot_command', 'length': 4}], 'reply_to_message': {'photo': [], 'message_id': 4999, 'chat': {'all_members_are_administrators': True, 'title': 'GitHub repoes', 'id': -273384150, 'type': 'group'}, 'channel_chat_created': False, 'group_chat_created': False, 'caption_entities': [], 'new_chat_members': [], 'date': 1546517768, 'new_chat_photo': [], 'text': "You got ['copper', 'copper', 'estates', 'estates', 'copper'] .\nType ( /buy ) or ( /use ) to proceed", 'from': {'username': 'DOMINION_IM_BOT', 'is_bot': True, 'id': 599551578, 'first_name': 'DOMINION'}, 'supergroup_chat_created': False, 'entities': [{'offset': 70, 'type': 'bot_command', 'length': 4}, {'offset': 82, 'type': 'bot_command', 'length': 4}], 'delete_chat_photo': False}, 'delete_chat_photo': False}}" caused error "Timed out"
2019-01-03 20:39:45,111 - telegram.ext.dispatcher - WARNING - A TelegramError was raised while processing the Update
2019-01-03 20:39:45,111 - __main__ - WARNING - Update "{'update_id': 773021606, 'message': {'date': 1546519171, 'text': '/draw@DOMINION_IM_BOT', 'chat': {'type': 'group', 'all_members_are_administrators': True, 'id': -273384150, 'title': 'GitHub repoes'}, 'new_chat_photo': [], 'channel_chat_created': False, 'from': {'username': 'Fukai_217', 'is_bot': False, 'id': 337412327, 'first_name': 'Fukai', 'language_code': 'en'}, 'photo': [], 'new_chat_members': [], 'entities': [{'type': 'bot_command', 'length': 21, 'offset': 0}], 'caption_entities': [], 'supergroup_chat_created': False, 'message_id': 5126, 'delete_chat_photo': False, 'group_chat_created': False}}" caused error "Timed out"
2019-01-03 20:42:12,113 - telegram.ext.dispatcher - WARNING - A TelegramError was raised while processing the Update
2019-01-03 20:42:12,113 - __main__ - WARNING - Update "{'update_id': 773021623, 'message': {'date': 1546519318, 'text': '/draw@DOMINION_IM_BOT', 'chat': {'type': 'group', 'all_members_are_administrators': True, 'id': -273384150, 'title': 'GitHub repoes'}, 'new_chat_photo': [], 'channel_chat_created': False, 'from': {'username': 'inuwazz', 'is_bot': False, 'id': 436384576, 'first_name': '¤j©M', 'language_code': 'zh-hans'}, 'photo': [], 'new_chat_members': [], 'entities': [{'type': 'bot_command', 'length': 21, 'offset': 0}], 'caption_entities': [], 'supergroup_chat_created': False, 'message_id': 5174, 'delete_chat_photo': False, 'group_chat_created': False}}" caused error "Timed out"
2019-01-03 20:44:05,783 - telegram.ext.dispatcher - WARNING - A TelegramError was raised while processing the Update
2019-01-03 20:44:05,783 - __main__ - WARNING - Update "{'update_id': 773021634, 'callback_query': {'chat_instance': '2291508827318073585', 'id': '1874257485311958498', 'data': 'Witch', 'from': {'username': 'inuwazz', 'is_bot': False, 'id': 436384576, 'first_name': '¤j©M', 'language_code': 'zh-hans'}, 'message': {'date': 1546519430, 'text': 'Cards available :', 'reply_to_message': {'date': 1546519423, 'text': '/buy@DOMINION_IM_BOT', 'chat': {'type': 'group', 'all_members_are_administrators': True, 'id': -273384150, 'title': 'GitHub repoes'}, 'new_chat_photo': [], 'channel_chat_created': False, 'from': {'username': 'inuwazz', 'is_bot': False, 'id': 436384576, 'first_name': '¤j©M', 'language_code': 'zh-hans'}, 'photo': [], 'new_chat_members': [], 'entities': [{'type': 'bot_command', 'length': 20, 'offset': 0}], 'caption_entities': [], 'supergroup_chat_created': False, 'message_id': 5206, 'delete_chat_photo': False, 'group_chat_created': False}, 'chat': {'type': 'group', 'all_members_are_administrators': True, 'id': -273384150, 'title': 'GitHub repoes'}, 'new_chat_photo': [], 'channel_chat_created': False, 'from': {'username': 'DOMINION_IM_BOT', 'is_bot': True, 'id': 599551578, 'first_name': 'DOMINION'}, 'photo': [], 'new_chat_members': [], 'entities': [], 'caption_entities': [], 'supergroup_chat_created': False, 'message_id': 5213, 'delete_chat_photo': False, 'group_chat_created': False}}}" caused error "Timed out"
2019-01-03 20:44:17,122 - telegram.ext.dispatcher - WARNING - A TelegramError was raised while processing the Update
2019-01-03 20:44:17,122 - __main__ - WARNING - Update "{'update_id': 773021635, 'callback_query': {'chat_instance': '2291508827318073585', 'id': '1874257483881763358', 'data': 'Witch', 'from': {'username': 'inuwazz', 'is_bot': False, 'id': 436384576, 'first_name': '¤j©M', 'language_code': 'zh-hans'}, 'message': {'date': 1546519430, 'text': 'Cards available :', 'reply_to_message': {'date': 1546519423, 'text': '/buy@DOMINION_IM_BOT', 'chat': {'type': 'group', 'all_members_are_administrators': True, 'id': -273384150, 'title': 'GitHub repoes'}, 'new_chat_photo': [], 'channel_chat_created': False, 'from': {'username': 'inuwazz', 'is_bot': False, 'id': 436384576, 'first_name': '¤j©M', 'language_code': 'zh-hans'}, 'photo': [], 'new_chat_members': [], 'entities': [{'type': 'bot_command', 'length': 20, 'offset': 0}], 'caption_entities': [], 'supergroup_chat_created': False, 'message_id': 5206, 'delete_chat_photo': False, 'group_chat_created': False}, 'chat': {'type': 'group', 'all_members_are_administrators': True, 'id': -273384150, 'title': 'GitHub repoes'}, 'new_chat_photo': [], 'channel_chat_created': False, 'from': {'username': 'DOMINION_IM_BOT', 'is_bot': True, 'id': 599551578, 'first_name': 'DOMINION'}, 'photo': [], 'new_chat_members': [], 'entities': [], 'caption_entities': [], 'supergroup_chat_created': False, 'message_id': 5213, 'delete_chat_photo': False, 'group_chat_created': False}}}" caused error "Timed out"
2019-01-03 20:45:07,976 - telegram.ext.dispatcher - WARNING - A TelegramError was raised while processing the Update
2019-01-03 20:45:07,976 - __main__ - WARNING - Update "{'update_id': 773021642, 'message': {'date': 1546519492, 'text': '/buy@DOMINION_IM_BOT', 'chat': {'type': 'group', 'all_members_are_administrators': True, 'id': -273384150, 'title': 'GitHub repoes'}, 'new_chat_photo': [], 'channel_chat_created': False, 'from': {'username': 'inuwazz', 'is_bot': False, 'id': 436384576, 'first_name': '¤j©M', 'language_code': 'zh-hans'}, 'photo': [], 'new_chat_members': [], 'entities': [{'type': 'bot_command', 'length': 20, 'offset': 0}], 'caption_entities': [], 'supergroup_chat_created': False, 'message_id': 5233, 'delete_chat_photo': False, 'group_chat_created': False}}" caused error "Timed out"
2019-01-03 20:45:20,476 - telegram.ext.dispatcher - WARNING - A TelegramError was raised while processing the Update
2019-01-03 20:45:20,476 - __main__ - WARNING - Update "{'update_id': 773021643, 'message': {'date': 1546519506, 'text': '/buy@DOMINION_IM_BOT', 'chat': {'type': 'group', 'all_members_are_administrators': True, 'id': -273384150, 'title': 'GitHub repoes'}, 'new_chat_photo': [], 'channel_chat_created': False, 'from': {'username': 'inuwazz', 'is_bot': False, 'id': 436384576, 'first_name': '¤j©M', 'language_code': 'zh-hans'}, 'photo': [], 'new_chat_members': [], 'entities': [{'type': 'bot_command', 'length': 20, 'offset': 0}], 'caption_entities': [], 'supergroup_chat_created': False, 'message_id': 5238, 'delete_chat_photo': False, 'group_chat_created': False}}" caused error "Timed out"
2019-01-03 20:46:59,795 - telegram.ext.dispatcher - WARNING - A TelegramError was raised while processing the Update
2019-01-03 20:46:59,795 - __main__ - WARNING - Update "{'update_id': 773021651, 'message': {'date': 1546519605, 'text': '/draw', 'reply_to_message': {'date': 1546519603, 'text': 'Its now your turn , ¤j©MNone\nType /draw', 'chat': {'type': 'group', 'all_members_are_administrators': True, 'id': -273384150, 'title': 'GitHub repoes'}, 'new_chat_photo': [], 'channel_chat_created': False, 'from': {'username': 'DOMINION_IM_BOT', 'is_bot': True, 'id': 599551578, 'first_name': 'DOMINION'}, 'photo': [], 'new_chat_members': [], 'entities': [{'type': 'bot_command', 'length': 5, 'offset': 32}], 'caption_entities': [], 'supergroup_chat_created': False, 'message_id': 5264, 'delete_chat_photo': False, 'group_chat_created': False}, 'chat': {'type': 'group', 'all_members_are_administrators': True, 'id': -273384150, 'title': 'GitHub repoes'}, 'new_chat_photo': [], 'channel_chat_created': False, 'from': {'username': 'inuwazz', 'is_bot': False, 'id': 436384576, 'first_name': '¤j©M', 'language_code': 'zh-hans'}, 'photo': [], 'new_chat_members': [], 'entities': [{'type': 'bot_command', 'length': 5, 'offset': 0}], 'caption_entities': [], 'supergroup_chat_created': False, 'message_id': 5265, 'delete_chat_photo': False, 'group_chat_created': False}}" caused error "Timed out"
