2018-12-27 23:09:57,896 - telegram.ext.dispatcher - ERROR - An uncaught error was raised while processing the update
Traceback (most recent call last):
  File "C:\Users\Administrator\AppData\Local\Programs\Python\Python35\lib\site-packages\telegram\ext\dispatcher.py", line 279, in process_update
    handler.handle_update(update, self)
  File "C:\Users\Administrator\AppData\Local\Programs\Python\Python35\lib\site-packages\telegram\ext\commandhandler.py", line 173, in handle_update
    return self.callback(dispatcher.bot, update, **optional_args)
  File "E:/Program/GITHUB/dominion/dominion.py", line 100, in join
    user1_name = str(update.message.from_user.first_name + update.message.from_user.last_name)
TypeError: Can't convert 'NoneType' object to str implicitly
2018-12-27 23:15:23,782 - telegram.ext.dispatcher - ERROR - An uncaught error was raised while processing the update
Traceback (most recent call last):
  File "C:\Users\Administrator\AppData\Local\Programs\Python\Python35\lib\site-packages\telegram\ext\dispatcher.py", line 279, in process_update
    handler.handle_update(update, self)
  File "C:\Users\Administrator\AppData\Local\Programs\Python\Python35\lib\site-packages\telegram\ext\commandhandler.py", line 173, in handle_update
    return self.callback(dispatcher.bot, update, **optional_args)
  File "E:/Program/GITHUB/dominion/dominion.py", line 226, in end
    if temp ==1:
NameError: name 'temp' is not defined
2018-12-27 23:30:11,813 - telegram.ext.updater - ERROR - Error while getting Updates: Conflict: terminated by other getUpdates request; make sure that only one bot instance is running (409)
2018-12-27 23:30:11,814 - __main__ - WARNING - Update "None" caused error "Conflict: terminated by other getUpdates request; make sure that only one bot instance is running (409)"
2018-12-27 23:30:16,099 - telegram.ext.updater - ERROR - Error while getting Updates: Conflict: terminated by other getUpdates request; make sure that only one bot instance is running (409)
2018-12-27 23:30:16,099 - __main__ - WARNING - Update "None" caused error "Conflict: terminated by other getUpdates request; make sure that only one bot instance is running (409)"
2018-12-27 23:30:17,367 - telegram.ext.updater - ERROR - Error while getting Updates: Conflict: terminated by other getUpdates request; make sure that only one bot instance is running (409)
2018-12-27 23:30:17,368 - __main__ - WARNING - Update "None" caused error "Conflict: terminated by other getUpdates request; make sure that only one bot instance is running (409)"
2018-12-27 23:30:22,150 - telegram.ext.updater - ERROR - Error while getting Updates: Conflict: terminated by other getUpdates request; make sure that only one bot instance is running (409)
2018-12-27 23:30:22,150 - __main__ - WARNING - Update "None" caused error "Conflict: terminated by other getUpdates request; make sure that only one bot instance is running (409)"
2018-12-27 23:30:23,911 - telegram.ext.updater - ERROR - Error while getting Updates: Conflict: terminated by other getUpdates request; make sure that only one bot instance is running (409)
2018-12-27 23:30:23,912 - __main__ - WARNING - Update "None" caused error "Conflict: terminated by other getUpdates request; make sure that only one bot instance is running (409)"
2018-12-27 23:30:29,439 - telegram.ext.updater - ERROR - Error while getting Updates: Conflict: terminated by other getUpdates request; make sure that only one bot instance is running (409)
2018-12-27 23:30:29,439 - __main__ - WARNING - Update "None" caused error "Conflict: terminated by other getUpdates request; make sure that only one bot instance is running (409)"
2018-12-27 23:30:31,955 - telegram.ext.updater - ERROR - Error while getting Updates: Conflict: terminated by other getUpdates request; make sure that only one bot instance is running (409)
2018-12-27 23:30:31,955 - __main__ - WARNING - Update "None" caused error "Conflict: terminated by other getUpdates request; make sure that only one bot instance is running (409)"
2018-12-27 23:30:35,611 - telegram.ext.updater - ERROR - Error while getting Updates: Conflict: terminated by other getUpdates request; make sure that only one bot instance is running (409)
2018-12-27 23:30:35,611 - __main__ - WARNING - Update "None" caused error "Conflict: terminated by other getUpdates request; make sure that only one bot instance is running (409)"
2018-12-27 23:30:39,252 - telegram.ext.updater - ERROR - Error while getting Updates: Conflict: terminated by other getUpdates request; make sure that only one bot instance is running (409)
2018-12-27 23:30:39,252 - __main__ - WARNING - Update "None" caused error "Conflict: terminated by other getUpdates request; make sure that only one bot instance is running (409)"
2018-12-27 23:30:44,594 - telegram.ext.updater - ERROR - Error while getting Updates: Conflict: terminated by other getUpdates request; make sure that only one bot instance is running (409)
2018-12-27 23:30:44,594 - __main__ - WARNING - Update "None" caused error "Conflict: terminated by other getUpdates request; make sure that only one bot instance is running (409)"
2018-12-27 23:30:49,924 - telegram.ext.updater - ERROR - Error while getting Updates: Conflict: terminated by other getUpdates request; make sure that only one bot instance is running (409)
2018-12-27 23:30:49,925 - __main__ - WARNING - Update "None" caused error "Conflict: terminated by other getUpdates request; make sure that only one bot instance is running (409)"
2018-12-27 23:30:57,794 - telegram.ext.updater - ERROR - Error while getting Updates: Conflict: terminated by other getUpdates request; make sure that only one bot instance is running (409)
2018-12-27 23:30:57,794 - __main__ - WARNING - Update "None" caused error "Conflict: terminated by other getUpdates request; make sure that only one bot instance is running (409)"
2018-12-27 23:31:05,653 - telegram.ext.updater - ERROR - Error while getting Updates: Conflict: terminated by other getUpdates request; make sure that only one bot instance is running (409)
2018-12-27 23:31:05,653 - __main__ - WARNING - Update "None" caused error "Conflict: terminated by other getUpdates request; make sure that only one bot instance is running (409)"
2018-12-27 23:31:17,323 - telegram.ext.updater - ERROR - Error while getting Updates: Conflict: terminated by other getUpdates request; make sure that only one bot instance is running (409)
2018-12-27 23:31:17,323 - __main__ - WARNING - Update "None" caused error "Conflict: terminated by other getUpdates request; make sure that only one bot instance is running (409)"
2018-12-27 23:31:21,589 - telegram.ext.updater - ERROR - Error while getting Updates: Conflict: terminated by other getUpdates request; make sure that only one bot instance is running (409)
2018-12-27 23:31:21,589 - __main__ - WARNING - Update "None" caused error "Conflict: terminated by other getUpdates request; make sure that only one bot instance is running (409)"
2018-12-27 23:31:39,135 - telegram.ext.updater - ERROR - Error while getting Updates: Conflict: terminated by other getUpdates request; make sure that only one bot instance is running (409)
2018-12-27 23:31:39,135 - __main__ - WARNING - Update "None" caused error "Conflict: terminated by other getUpdates request; make sure that only one bot instance is running (409)"
2018-12-27 23:35:51,137 - telegram.ext.dispatcher - ERROR - An uncaught error was raised while processing the update
Traceback (most recent call last):
  File "C:\Users\Administrator\AppData\Local\Programs\Python\Python35\lib\site-packages\telegram\ext\dispatcher.py", line 279, in process_update
    handler.handle_update(update, self)
  File "C:\Users\Administrator\AppData\Local\Programs\Python\Python35\lib\site-packages\telegram\ext\commandhandler.py", line 173, in handle_update
    return self.callback(dispatcher.bot, update, **optional_args)
  File "E:/Program/GITHUB/dominion/dominion.py", line 234, in end
    if tempp ==1:
UnboundLocalError: local variable 'tempp' referenced before assignment
2018-12-27 23:46:25,727 - telegram.ext.dispatcher - ERROR - An uncaught error was raised while processing the update
Traceback (most recent call last):
  File "C:\Users\Administrator\AppData\Local\Programs\Python\Python35\lib\site-packages\telegram\ext\dispatcher.py", line 279, in process_update
    handler.handle_update(update, self)
  File "C:\Users\Administrator\AppData\Local\Programs\Python\Python35\lib\site-packages\telegram\ext\commandhandler.py", line 173, in handle_update
    return self.callback(dispatcher.bot, update, **optional_args)
  File "E:/Program/GITHUB/dominion/dominion.py", line 195, in buy
    update.message.ext('Buy Village cost 3 dollars')
AttributeError: 'Message' object has no attribute 'ext'
2018-12-27 23:48:27,874 - telegram.ext.dispatcher - ERROR - An uncaught error was raised while processing the update
Traceback (most recent call last):
  File "C:\Users\Administrator\AppData\Local\Programs\Python\Python35\lib\site-packages\telegram\ext\dispatcher.py", line 279, in process_update
    handler.handle_update(update, self)
  File "C:\Users\Administrator\AppData\Local\Programs\Python\Python35\lib\site-packages\telegram\ext\commandhandler.py", line 173, in handle_update
    return self.callback(dispatcher.bot, update, **optional_args)
  File "E:/Program/GITHUB/dominion/dominion.py", line 194, in buy
    update.message.text('Buy Village cost 3 dollars')
TypeError: 'str' object is not callable
2018-12-28 00:06:08,266 - telegram.ext.dispatcher - ERROR - An uncaught error was raised while processing the update
Traceback (most recent call last):
  File "C:\Users\Administrator\AppData\Local\Programs\Python\Python35\lib\site-packages\telegram\ext\dispatcher.py", line 279, in process_update
    handler.handle_update(update, self)
  File "C:\Users\Administrator\AppData\Local\Programs\Python\Python35\lib\site-packages\telegram\ext\commandhandler.py", line 173, in handle_update
    return self.callback(dispatcher.bot, update, **optional_args)
  File "E:/Program/GITHUB/dominion/dominion.py", line 191, in buy
    bot.send_message('You can buy some cards')
  File "C:\Users\Administrator\AppData\Local\Programs\Python\Python35\lib\site-packages\telegram\bot.py", line 60, in decorator
    result = func(self, *args, **kwargs)
  File "C:\Users\Administrator\AppData\Local\Programs\Python\Python35\lib\site-packages\telegram\bot.py", line 71, in decorator
    url, data = func(self, *args, **kwargs)
TypeError: send_message() missing 1 required positional argument: 'text'
2018-12-28 00:08:07,520 - telegram.ext.dispatcher - ERROR - An uncaught error was raised while processing the update
Traceback (most recent call last):
  File "C:\Users\Administrator\AppData\Local\Programs\Python\Python35\lib\site-packages\telegram\ext\dispatcher.py", line 279, in process_update
    handler.handle_update(update, self)
  File "C:\Users\Administrator\AppData\Local\Programs\Python\Python35\lib\site-packages\telegram\ext\commandhandler.py", line 173, in handle_update
    return self.callback(dispatcher.bot, update, **optional_args)
  File "E:/Program/GITHUB/dominion/dominion.py", line 199, in buy
    bot.send_message('Buy Courtyard costs 2 dollar')
  File "C:\Users\Administrator\AppData\Local\Programs\Python\Python35\lib\site-packages\telegram\bot.py", line 60, in decorator
    result = func(self, *args, **kwargs)
  File "C:\Users\Administrator\AppData\Local\Programs\Python\Python35\lib\site-packages\telegram\bot.py", line 71, in decorator
    url, data = func(self, *args, **kwargs)
TypeError: send_message() missing 1 required positional argument: 'text'
2018-12-28 00:17:20,053 - telegram.ext.dispatcher - ERROR - An uncaught error was raised while processing the update
Traceback (most recent call last):
  File "C:\Users\Administrator\AppData\Local\Programs\Python\Python35\lib\site-packages\telegram\ext\dispatcher.py", line 279, in process_update
    handler.handle_update(update, self)
  File "C:\Users\Administrator\AppData\Local\Programs\Python\Python35\lib\site-packages\telegram\ext\commandhandler.py", line 173, in handle_update
    return self.callback(dispatcher.bot, update, **optional_args)
  File "E:/Program/GITHUB/dominion/dominion.py", line 243, in end
    update.message.from_user("Its now your turn , " + str(user2_name))
TypeError: 'User' object is not callable
2018-12-28 00:28:25,700 - telegram.ext.dispatcher - ERROR - An uncaught error was raised while processing the update
Traceback (most recent call last):
  File "C:\Users\Administrator\AppData\Local\Programs\Python\Python35\lib\site-packages\telegram\ext\dispatcher.py", line 279, in process_update
    handler.handle_update(update, self)
  File "C:\Users\Administrator\AppData\Local\Programs\Python\Python35\lib\site-packages\telegram\ext\commandhandler.py", line 173, in handle_update
    return self.callback(dispatcher.bot, update, **optional_args)
  File "E:/Program/GITHUB/dominion/dominion.py", line 150, in draw
    temp = (random.choice(deckplayer2))
UnboundLocalError: local variable 'deckplayer2' referenced before assignment
2018-12-28 00:32:03,811 - telegram.ext.dispatcher - WARNING - A TelegramError was raised while processing the Update
2018-12-28 00:32:03,811 - __main__ - WARNING - Update "{'message': {'message_id': 4305, 'text': '/buy@DOMINION_IM_BOT', 'chat': {'type': 'group', 'all_members_are_administrators': True, 'id': -273384150, 'title': 'GitHub repoes'}, 'from': {'is_bot': False, 'first_name': '¤j©M', 'language_code': 'zh-hans', 'username': 'inuwazz', 'id': 436384576}, 'entities': [{'length': 20, 'type': 'bot_command', 'offset': 0}], 'date': 1545928310, 'new_chat_members': [], 'photo': [], 'delete_chat_photo': False, 'supergroup_chat_created': False, 'caption_entities': [], 'new_chat_photo': [], 'channel_chat_created': False, 'group_chat_created': False}, 'update_id': 773021307}" caused error "Timed out"
2018-12-28 00:47:49,970 - telegram.ext.updater - ERROR - Error while getting Updates: Conflict: terminated by other getUpdates request; make sure that only one bot instance is running (409)
2018-12-28 00:47:49,970 - __main__ - WARNING - Update "None" caused error "Conflict: terminated by other getUpdates request; make sure that only one bot instance is running (409)"
2018-12-28 00:47:49,970 - telegram.ext.dispatcher - ERROR - An uncaught error was raised while handling the error
Traceback (most recent call last):
  File "E:/Program/GITHUB/dominion/dominion.py", line 291, in error
    raise error
  File "C:\Users\Administrator\AppData\Local\Programs\Python\Python35\lib\site-packages\telegram\ext\updater.py", line 312, in _network_loop_retry
    if not action_cb():
  File "C:\Users\Administrator\AppData\Local\Programs\Python\Python35\lib\site-packages\telegram\ext\updater.py", line 273, in polling_action_cb
    allowed_updates=allowed_updates)
  File "C:\Users\Administrator\AppData\Local\Programs\Python\Python35\lib\site-packages\telegram\bot.py", line 60, in decorator
    result = func(self, *args, **kwargs)
  File "C:\Users\Administrator\AppData\Local\Programs\Python\Python35\lib\site-packages\telegram\bot.py", line 1768, in get_updates
    result = self._request.post(url, data, timeout=float(read_latency) + float(timeout))
  File "C:\Users\Administrator\AppData\Local\Programs\Python\Python35\lib\site-packages\telegram\utils\request.py", line 278, in post
    **urlopen_kwargs)
  File "C:\Users\Administrator\AppData\Local\Programs\Python\Python35\lib\site-packages\telegram\utils\request.py", line 225, in _request_wrapper
    raise NetworkError('{0} ({1})'.format(message, resp.status))
telegram.error.NetworkError: Conflict: terminated by other getUpdates request; make sure that only one bot instance is running (409)

During handling of the above exception, another exception occurred:

Traceback (most recent call last):
  File "C:\Users\Administrator\AppData\Local\Programs\Python\Python35\lib\site-packages\telegram\ext\dispatcher.py", line 271, in process_update
    self.dispatch_error(None, update)
  File "C:\Users\Administrator\AppData\Local\Programs\Python\Python35\lib\site-packages\telegram\ext\dispatcher.py", line 384, in dispatch_error
    callback(self.bot, update, error)
  File "E:/Program/GITHUB/dominion/dominion.py", line 299, in error
    update.message.reply_text('NETWORK ISSUE')
AttributeError: 'NoneType' object has no attribute 'message'
2018-12-28 00:47:54,251 - telegram.ext.updater - ERROR - Error while getting Updates: Conflict: terminated by other getUpdates request; make sure that only one bot instance is running (409)
2018-12-28 00:47:54,251 - __main__ - WARNING - Update "None" caused error "Conflict: terminated by other getUpdates request; make sure that only one bot instance is running (409)"
2018-12-28 00:47:54,252 - telegram.ext.dispatcher - ERROR - An uncaught error was raised while handling the error
Traceback (most recent call last):
  File "E:/Program/GITHUB/dominion/dominion.py", line 291, in error
    raise error
  File "C:\Users\Administrator\AppData\Local\Programs\Python\Python35\lib\site-packages\telegram\ext\updater.py", line 312, in _network_loop_retry
    if not action_cb():
  File "C:\Users\Administrator\AppData\Local\Programs\Python\Python35\lib\site-packages\telegram\ext\updater.py", line 273, in polling_action_cb
    allowed_updates=allowed_updates)
  File "C:\Users\Administrator\AppData\Local\Programs\Python\Python35\lib\site-packages\telegram\bot.py", line 60, in decorator
    result = func(self, *args, **kwargs)
  File "C:\Users\Administrator\AppData\Local\Programs\Python\Python35\lib\site-packages\telegram\bot.py", line 1768, in get_updates
    result = self._request.post(url, data, timeout=float(read_latency) + float(timeout))
  File "C:\Users\Administrator\AppData\Local\Programs\Python\Python35\lib\site-packages\telegram\utils\request.py", line 278, in post
    **urlopen_kwargs)
  File "C:\Users\Administrator\AppData\Local\Programs\Python\Python35\lib\site-packages\telegram\utils\request.py", line 225, in _request_wrapper
    raise NetworkError('{0} ({1})'.format(message, resp.status))
telegram.error.NetworkError: Conflict: terminated by other getUpdates request; make sure that only one bot instance is running (409)

During handling of the above exception, another exception occurred:

Traceback (most recent call last):
  File "C:\Users\Administrator\AppData\Local\Programs\Python\Python35\lib\site-packages\telegram\ext\dispatcher.py", line 271, in process_update
    self.dispatch_error(None, update)
  File "C:\Users\Administrator\AppData\Local\Programs\Python\Python35\lib\site-packages\telegram\ext\dispatcher.py", line 384, in dispatch_error
    callback(self.bot, update, error)
  File "E:/Program/GITHUB/dominion/dominion.py", line 299, in error
    update.message.reply_text('NETWORK ISSUE')
AttributeError: 'NoneType' object has no attribute 'message'
2018-12-28 00:47:55,457 - telegram.ext.updater - ERROR - Error while getting Updates: Conflict: terminated by other getUpdates request; make sure that only one bot instance is running (409)
2018-12-28 00:47:55,458 - __main__ - WARNING - Update "None" caused error "Conflict: terminated by other getUpdates request; make sure that only one bot instance is running (409)"
2018-12-28 00:47:55,458 - telegram.ext.dispatcher - ERROR - An uncaught error was raised while handling the error
Traceback (most recent call last):
  File "E:/Program/GITHUB/dominion/dominion.py", line 291, in error
    raise error
  File "C:\Users\Administrator\AppData\Local\Programs\Python\Python35\lib\site-packages\telegram\ext\updater.py", line 312, in _network_loop_retry
    if not action_cb():
  File "C:\Users\Administrator\AppData\Local\Programs\Python\Python35\lib\site-packages\telegram\ext\updater.py", line 273, in polling_action_cb
    allowed_updates=allowed_updates)
  File "C:\Users\Administrator\AppData\Local\Programs\Python\Python35\lib\site-packages\telegram\bot.py", line 60, in decorator
    result = func(self, *args, **kwargs)
  File "C:\Users\Administrator\AppData\Local\Programs\Python\Python35\lib\site-packages\telegram\bot.py", line 1768, in get_updates
    result = self._request.post(url, data, timeout=float(read_latency) + float(timeout))
  File "C:\Users\Administrator\AppData\Local\Programs\Python\Python35\lib\site-packages\telegram\utils\request.py", line 278, in post
    **urlopen_kwargs)
  File "C:\Users\Administrator\AppData\Local\Programs\Python\Python35\lib\site-packages\telegram\utils\request.py", line 225, in _request_wrapper
    raise NetworkError('{0} ({1})'.format(message, resp.status))
telegram.error.NetworkError: Conflict: terminated by other getUpdates request; make sure that only one bot instance is running (409)

During handling of the above exception, another exception occurred:

Traceback (most recent call last):
  File "C:\Users\Administrator\AppData\Local\Programs\Python\Python35\lib\site-packages\telegram\ext\dispatcher.py", line 271, in process_update
    self.dispatch_error(None, update)
  File "C:\Users\Administrator\AppData\Local\Programs\Python\Python35\lib\site-packages\telegram\ext\dispatcher.py", line 384, in dispatch_error
    callback(self.bot, update, error)
  File "E:/Program/GITHUB/dominion/dominion.py", line 299, in error
    update.message.reply_text('NETWORK ISSUE')
AttributeError: 'NoneType' object has no attribute 'message'
2018-12-28 00:48:00,243 - telegram.ext.updater - ERROR - Error while getting Updates: Conflict: terminated by other getUpdates request; make sure that only one bot instance is running (409)
2018-12-28 00:48:00,245 - __main__ - WARNING - Update "None" caused error "Conflict: terminated by other getUpdates request; make sure that only one bot instance is running (409)"
2018-12-28 00:48:00,245 - telegram.ext.dispatcher - ERROR - An uncaught error was raised while handling the error
Traceback (most recent call last):
  File "E:/Program/GITHUB/dominion/dominion.py", line 291, in error
    raise error
  File "C:\Users\Administrator\AppData\Local\Programs\Python\Python35\lib\site-packages\telegram\ext\updater.py", line 312, in _network_loop_retry
    if not action_cb():
  File "C:\Users\Administrator\AppData\Local\Programs\Python\Python35\lib\site-packages\telegram\ext\updater.py", line 273, in polling_action_cb
    allowed_updates=allowed_updates)
  File "C:\Users\Administrator\AppData\Local\Programs\Python\Python35\lib\site-packages\telegram\bot.py", line 60, in decorator
    result = func(self, *args, **kwargs)
  File "C:\Users\Administrator\AppData\Local\Programs\Python\Python35\lib\site-packages\telegram\bot.py", line 1768, in get_updates
    result = self._request.post(url, data, timeout=float(read_latency) + float(timeout))
  File "C:\Users\Administrator\AppData\Local\Programs\Python\Python35\lib\site-packages\telegram\utils\request.py", line 278, in post
    **urlopen_kwargs)
  File "C:\Users\Administrator\AppData\Local\Programs\Python\Python35\lib\site-packages\telegram\utils\request.py", line 225, in _request_wrapper
    raise NetworkError('{0} ({1})'.format(message, resp.status))
telegram.error.NetworkError: Conflict: terminated by other getUpdates request; make sure that only one bot instance is running (409)

During handling of the above exception, another exception occurred:

Traceback (most recent call last):
  File "C:\Users\Administrator\AppData\Local\Programs\Python\Python35\lib\site-packages\telegram\ext\dispatcher.py", line 271, in process_update
    self.dispatch_error(None, update)
  File "C:\Users\Administrator\AppData\Local\Programs\Python\Python35\lib\site-packages\telegram\ext\dispatcher.py", line 384, in dispatch_error
    callback(self.bot, update, error)
  File "E:/Program/GITHUB/dominion/dominion.py", line 299, in error
    update.message.reply_text('NETWORK ISSUE')
AttributeError: 'NoneType' object has no attribute 'message'
2018-12-28 00:48:01,950 - telegram.ext.updater - ERROR - Error while getting Updates: Conflict: terminated by other getUpdates request; make sure that only one bot instance is running (409)
2018-12-28 00:48:01,950 - __main__ - WARNING - Update "None" caused error "Conflict: terminated by other getUpdates request; make sure that only one bot instance is running (409)"
2018-12-28 00:48:01,951 - telegram.ext.dispatcher - ERROR - An uncaught error was raised while handling the error
Traceback (most recent call last):
  File "E:/Program/GITHUB/dominion/dominion.py", line 291, in error
    raise error
  File "C:\Users\Administrator\AppData\Local\Programs\Python\Python35\lib\site-packages\telegram\ext\updater.py", line 312, in _network_loop_retry
    if not action_cb():
  File "C:\Users\Administrator\AppData\Local\Programs\Python\Python35\lib\site-packages\telegram\ext\updater.py", line 273, in polling_action_cb
    allowed_updates=allowed_updates)
  File "C:\Users\Administrator\AppData\Local\Programs\Python\Python35\lib\site-packages\telegram\bot.py", line 60, in decorator
    result = func(self, *args, **kwargs)
  File "C:\Users\Administrator\AppData\Local\Programs\Python\Python35\lib\site-packages\telegram\bot.py", line 1768, in get_updates
    result = self._request.post(url, data, timeout=float(read_latency) + float(timeout))
  File "C:\Users\Administrator\AppData\Local\Programs\Python\Python35\lib\site-packages\telegram\utils\request.py", line 278, in post
    **urlopen_kwargs)
  File "C:\Users\Administrator\AppData\Local\Programs\Python\Python35\lib\site-packages\telegram\utils\request.py", line 225, in _request_wrapper
    raise NetworkError('{0} ({1})'.format(message, resp.status))
telegram.error.NetworkError: Conflict: terminated by other getUpdates request; make sure that only one bot instance is running (409)

During handling of the above exception, another exception occurred:

Traceback (most recent call last):
  File "C:\Users\Administrator\AppData\Local\Programs\Python\Python35\lib\site-packages\telegram\ext\dispatcher.py", line 271, in process_update
    self.dispatch_error(None, update)
  File "C:\Users\Administrator\AppData\Local\Programs\Python\Python35\lib\site-packages\telegram\ext\dispatcher.py", line 384, in dispatch_error
    callback(self.bot, update, error)
  File "E:/Program/GITHUB/dominion/dominion.py", line 299, in error
    update.message.reply_text('NETWORK ISSUE')
AttributeError: 'NoneType' object has no attribute 'message'
2018-12-28 00:48:07,479 - telegram.ext.updater - ERROR - Error while getting Updates: Conflict: terminated by other getUpdates request; make sure that only one bot instance is running (409)
2018-12-28 00:48:07,479 - __main__ - WARNING - Update "None" caused error "Conflict: terminated by other getUpdates request; make sure that only one bot instance is running (409)"
2018-12-28 00:48:07,480 - telegram.ext.dispatcher - ERROR - An uncaught error was raised while handling the error
Traceback (most recent call last):
  File "E:/Program/GITHUB/dominion/dominion.py", line 291, in error
    raise error
  File "C:\Users\Administrator\AppData\Local\Programs\Python\Python35\lib\site-packages\telegram\ext\updater.py", line 312, in _network_loop_retry
    if not action_cb():
  File "C:\Users\Administrator\AppData\Local\Programs\Python\Python35\lib\site-packages\telegram\ext\updater.py", line 273, in polling_action_cb
    allowed_updates=allowed_updates)
  File "C:\Users\Administrator\AppData\Local\Programs\Python\Python35\lib\site-packages\telegram\bot.py", line 60, in decorator
    result = func(self, *args, **kwargs)
  File "C:\Users\Administrator\AppData\Local\Programs\Python\Python35\lib\site-packages\telegram\bot.py", line 1768, in get_updates
    result = self._request.post(url, data, timeout=float(read_latency) + float(timeout))
  File "C:\Users\Administrator\AppData\Local\Programs\Python\Python35\lib\site-packages\telegram\utils\request.py", line 278, in post
    **urlopen_kwargs)
  File "C:\Users\Administrator\AppData\Local\Programs\Python\Python35\lib\site-packages\telegram\utils\request.py", line 225, in _request_wrapper
    raise NetworkError('{0} ({1})'.format(message, resp.status))
telegram.error.NetworkError: Conflict: terminated by other getUpdates request; make sure that only one bot instance is running (409)

During handling of the above exception, another exception occurred:

Traceback (most recent call last):
  File "C:\Users\Administrator\AppData\Local\Programs\Python\Python35\lib\site-packages\telegram\ext\dispatcher.py", line 271, in process_update
    self.dispatch_error(None, update)
  File "C:\Users\Administrator\AppData\Local\Programs\Python\Python35\lib\site-packages\telegram\ext\dispatcher.py", line 384, in dispatch_error
    callback(self.bot, update, error)
  File "E:/Program/GITHUB/dominion/dominion.py", line 299, in error
    update.message.reply_text('NETWORK ISSUE')
AttributeError: 'NoneType' object has no attribute 'message'
2018-12-28 00:48:09,939 - telegram.ext.updater - ERROR - Error while getting Updates: Conflict: terminated by other getUpdates request; make sure that only one bot instance is running (409)
2018-12-28 00:48:09,939 - __main__ - WARNING - Update "None" caused error "Conflict: terminated by other getUpdates request; make sure that only one bot instance is running (409)"
2018-12-28 00:48:09,939 - telegram.ext.dispatcher - ERROR - An uncaught error was raised while handling the error
Traceback (most recent call last):
  File "E:/Program/GITHUB/dominion/dominion.py", line 291, in error
    raise error
  File "C:\Users\Administrator\AppData\Local\Programs\Python\Python35\lib\site-packages\telegram\ext\updater.py", line 312, in _network_loop_retry
    if not action_cb():
  File "C:\Users\Administrator\AppData\Local\Programs\Python\Python35\lib\site-packages\telegram\ext\updater.py", line 273, in polling_action_cb
    allowed_updates=allowed_updates)
  File "C:\Users\Administrator\AppData\Local\Programs\Python\Python35\lib\site-packages\telegram\bot.py", line 60, in decorator
    result = func(self, *args, **kwargs)
  File "C:\Users\Administrator\AppData\Local\Programs\Python\Python35\lib\site-packages\telegram\bot.py", line 1768, in get_updates
    result = self._request.post(url, data, timeout=float(read_latency) + float(timeout))
  File "C:\Users\Administrator\AppData\Local\Programs\Python\Python35\lib\site-packages\telegram\utils\request.py", line 278, in post
    **urlopen_kwargs)
  File "C:\Users\Administrator\AppData\Local\Programs\Python\Python35\lib\site-packages\telegram\utils\request.py", line 225, in _request_wrapper
    raise NetworkError('{0} ({1})'.format(message, resp.status))
telegram.error.NetworkError: Conflict: terminated by other getUpdates request; make sure that only one bot instance is running (409)

During handling of the above exception, another exception occurred:

Traceback (most recent call last):
  File "C:\Users\Administrator\AppData\Local\Programs\Python\Python35\lib\site-packages\telegram\ext\dispatcher.py", line 271, in process_update
    self.dispatch_error(None, update)
  File "C:\Users\Administrator\AppData\Local\Programs\Python\Python35\lib\site-packages\telegram\ext\dispatcher.py", line 384, in dispatch_error
    callback(self.bot, update, error)
  File "E:/Program/GITHUB/dominion/dominion.py", line 299, in error
    update.message.reply_text('NETWORK ISSUE')
AttributeError: 'NoneType' object has no attribute 'message'
2018-12-28 00:48:13,595 - telegram.ext.updater - ERROR - Error while getting Updates: Conflict: terminated by other getUpdates request; make sure that only one bot instance is running (409)
2018-12-28 00:48:13,595 - __main__ - WARNING - Update "None" caused error "Conflict: terminated by other getUpdates request; make sure that only one bot instance is running (409)"
2018-12-28 00:48:13,595 - telegram.ext.dispatcher - ERROR - An uncaught error was raised while handling the error
Traceback (most recent call last):
  File "E:/Program/GITHUB/dominion/dominion.py", line 291, in error
    raise error
  File "C:\Users\Administrator\AppData\Local\Programs\Python\Python35\lib\site-packages\telegram\ext\updater.py", line 312, in _network_loop_retry
    if not action_cb():
  File "C:\Users\Administrator\AppData\Local\Programs\Python\Python35\lib\site-packages\telegram\ext\updater.py", line 273, in polling_action_cb
    allowed_updates=allowed_updates)
  File "C:\Users\Administrator\AppData\Local\Programs\Python\Python35\lib\site-packages\telegram\bot.py", line 60, in decorator
    result = func(self, *args, **kwargs)
  File "C:\Users\Administrator\AppData\Local\Programs\Python\Python35\lib\site-packages\telegram\bot.py", line 1768, in get_updates
    result = self._request.post(url, data, timeout=float(read_latency) + float(timeout))
  File "C:\Users\Administrator\AppData\Local\Programs\Python\Python35\lib\site-packages\telegram\utils\request.py", line 278, in post
    **urlopen_kwargs)
  File "C:\Users\Administrator\AppData\Local\Programs\Python\Python35\lib\site-packages\telegram\utils\request.py", line 225, in _request_wrapper
    raise NetworkError('{0} ({1})'.format(message, resp.status))
telegram.error.NetworkError: Conflict: terminated by other getUpdates request; make sure that only one bot instance is running (409)

During handling of the above exception, another exception occurred:

Traceback (most recent call last):
  File "C:\Users\Administrator\AppData\Local\Programs\Python\Python35\lib\site-packages\telegram\ext\dispatcher.py", line 271, in process_update
    self.dispatch_error(None, update)
  File "C:\Users\Administrator\AppData\Local\Programs\Python\Python35\lib\site-packages\telegram\ext\dispatcher.py", line 384, in dispatch_error
    callback(self.bot, update, error)
  File "E:/Program/GITHUB/dominion/dominion.py", line 299, in error
    update.message.reply_text('NETWORK ISSUE')
AttributeError: 'NoneType' object has no attribute 'message'
2018-12-28 00:48:17,182 - telegram.ext.updater - ERROR - Error while getting Updates: Conflict: terminated by other getUpdates request; make sure that only one bot instance is running (409)
2018-12-28 00:48:17,182 - __main__ - WARNING - Update "None" caused error "Conflict: terminated by other getUpdates request; make sure that only one bot instance is running (409)"
2018-12-28 00:48:17,183 - telegram.ext.dispatcher - ERROR - An uncaught error was raised while handling the error
Traceback (most recent call last):
  File "E:/Program/GITHUB/dominion/dominion.py", line 291, in error
    raise error
  File "C:\Users\Administrator\AppData\Local\Programs\Python\Python35\lib\site-packages\telegram\ext\updater.py", line 312, in _network_loop_retry
    if not action_cb():
  File "C:\Users\Administrator\AppData\Local\Programs\Python\Python35\lib\site-packages\telegram\ext\updater.py", line 273, in polling_action_cb
    allowed_updates=allowed_updates)
  File "C:\Users\Administrator\AppData\Local\Programs\Python\Python35\lib\site-packages\telegram\bot.py", line 60, in decorator
    result = func(self, *args, **kwargs)
  File "C:\Users\Administrator\AppData\Local\Programs\Python\Python35\lib\site-packages\telegram\bot.py", line 1768, in get_updates
    result = self._request.post(url, data, timeout=float(read_latency) + float(timeout))
  File "C:\Users\Administrator\AppData\Local\Programs\Python\Python35\lib\site-packages\telegram\utils\request.py", line 278, in post
    **urlopen_kwargs)
  File "C:\Users\Administrator\AppData\Local\Programs\Python\Python35\lib\site-packages\telegram\utils\request.py", line 225, in _request_wrapper
    raise NetworkError('{0} ({1})'.format(message, resp.status))
telegram.error.NetworkError: Conflict: terminated by other getUpdates request; make sure that only one bot instance is running (409)

During handling of the above exception, another exception occurred:

Traceback (most recent call last):
  File "C:\Users\Administrator\AppData\Local\Programs\Python\Python35\lib\site-packages\telegram\ext\dispatcher.py", line 271, in process_update
    self.dispatch_error(None, update)
  File "C:\Users\Administrator\AppData\Local\Programs\Python\Python35\lib\site-packages\telegram\ext\dispatcher.py", line 384, in dispatch_error
    callback(self.bot, update, error)
  File "E:/Program/GITHUB/dominion/dominion.py", line 299, in error
    update.message.reply_text('NETWORK ISSUE')
AttributeError: 'NoneType' object has no attribute 'message'
2018-12-28 00:48:22,522 - telegram.ext.updater - ERROR - Error while getting Updates: Conflict: terminated by other getUpdates request; make sure that only one bot instance is running (409)
2018-12-28 00:48:22,539 - __main__ - WARNING - Update "None" caused error "Conflict: terminated by other getUpdates request; make sure that only one bot instance is running (409)"
2018-12-28 00:48:22,539 - telegram.ext.dispatcher - ERROR - An uncaught error was raised while handling the error
Traceback (most recent call last):
  File "E:/Program/GITHUB/dominion/dominion.py", line 291, in error
    raise error
  File "C:\Users\Administrator\AppData\Local\Programs\Python\Python35\lib\site-packages\telegram\ext\updater.py", line 312, in _network_loop_retry
    if not action_cb():
  File "C:\Users\Administrator\AppData\Local\Programs\Python\Python35\lib\site-packages\telegram\ext\updater.py", line 273, in polling_action_cb
    allowed_updates=allowed_updates)
  File "C:\Users\Administrator\AppData\Local\Programs\Python\Python35\lib\site-packages\telegram\bot.py", line 60, in decorator
    result = func(self, *args, **kwargs)
  File "C:\Users\Administrator\AppData\Local\Programs\Python\Python35\lib\site-packages\telegram\bot.py", line 1768, in get_updates
    result = self._request.post(url, data, timeout=float(read_latency) + float(timeout))
  File "C:\Users\Administrator\AppData\Local\Programs\Python\Python35\lib\site-packages\telegram\utils\request.py", line 278, in post
    **urlopen_kwargs)
  File "C:\Users\Administrator\AppData\Local\Programs\Python\Python35\lib\site-packages\telegram\utils\request.py", line 225, in _request_wrapper
    raise NetworkError('{0} ({1})'.format(message, resp.status))
telegram.error.NetworkError: Conflict: terminated by other getUpdates request; make sure that only one bot instance is running (409)

During handling of the above exception, another exception occurred:

Traceback (most recent call last):
  File "C:\Users\Administrator\AppData\Local\Programs\Python\Python35\lib\site-packages\telegram\ext\dispatcher.py", line 271, in process_update
    self.dispatch_error(None, update)
  File "C:\Users\Administrator\AppData\Local\Programs\Python\Python35\lib\site-packages\telegram\ext\dispatcher.py", line 384, in dispatch_error
    callback(self.bot, update, error)
  File "E:/Program/GITHUB/dominion/dominion.py", line 299, in error
    update.message.reply_text('NETWORK ISSUE')
AttributeError: 'NoneType' object has no attribute 'message'
2018-12-28 00:48:27,809 - telegram.ext.updater - ERROR - Error while getting Updates: Conflict: terminated by other getUpdates request; make sure that only one bot instance is running (409)
2018-12-28 00:48:27,809 - __main__ - WARNING - Update "None" caused error "Conflict: terminated by other getUpdates request; make sure that only one bot instance is running (409)"
2018-12-28 00:48:27,809 - telegram.ext.dispatcher - ERROR - An uncaught error was raised while handling the error
Traceback (most recent call last):
  File "E:/Program/GITHUB/dominion/dominion.py", line 291, in error
    raise error
  File "C:\Users\Administrator\AppData\Local\Programs\Python\Python35\lib\site-packages\telegram\ext\updater.py", line 312, in _network_loop_retry
    if not action_cb():
  File "C:\Users\Administrator\AppData\Local\Programs\Python\Python35\lib\site-packages\telegram\ext\updater.py", line 273, in polling_action_cb
    allowed_updates=allowed_updates)
  File "C:\Users\Administrator\AppData\Local\Programs\Python\Python35\lib\site-packages\telegram\bot.py", line 60, in decorator
    result = func(self, *args, **kwargs)
  File "C:\Users\Administrator\AppData\Local\Programs\Python\Python35\lib\site-packages\telegram\bot.py", line 1768, in get_updates
    result = self._request.post(url, data, timeout=float(read_latency) + float(timeout))
  File "C:\Users\Administrator\AppData\Local\Programs\Python\Python35\lib\site-packages\telegram\utils\request.py", line 278, in post
    **urlopen_kwargs)
  File "C:\Users\Administrator\AppData\Local\Programs\Python\Python35\lib\site-packages\telegram\utils\request.py", line 225, in _request_wrapper
    raise NetworkError('{0} ({1})'.format(message, resp.status))
telegram.error.NetworkError: Conflict: terminated by other getUpdates request; make sure that only one bot instance is running (409)

During handling of the above exception, another exception occurred:

Traceback (most recent call last):
  File "C:\Users\Administrator\AppData\Local\Programs\Python\Python35\lib\site-packages\telegram\ext\dispatcher.py", line 271, in process_update
    self.dispatch_error(None, update)
  File "C:\Users\Administrator\AppData\Local\Programs\Python\Python35\lib\site-packages\telegram\ext\dispatcher.py", line 384, in dispatch_error
    callback(self.bot, update, error)
  File "E:/Program/GITHUB/dominion/dominion.py", line 299, in error
    update.message.reply_text('NETWORK ISSUE')
AttributeError: 'NoneType' object has no attribute 'message'
2018-12-28 00:48:35,683 - telegram.ext.updater - ERROR - Error while getting Updates: Conflict: terminated by other getUpdates request; make sure that only one bot instance is running (409)
2018-12-28 00:48:35,683 - __main__ - WARNING - Update "None" caused error "Conflict: terminated by other getUpdates request; make sure that only one bot instance is running (409)"
2018-12-28 00:48:35,684 - telegram.ext.dispatcher - ERROR - An uncaught error was raised while handling the error
Traceback (most recent call last):
  File "E:/Program/GITHUB/dominion/dominion.py", line 291, in error
    raise error
  File "C:\Users\Administrator\AppData\Local\Programs\Python\Python35\lib\site-packages\telegram\ext\updater.py", line 312, in _network_loop_retry
    if not action_cb():
  File "C:\Users\Administrator\AppData\Local\Programs\Python\Python35\lib\site-packages\telegram\ext\updater.py", line 273, in polling_action_cb
    allowed_updates=allowed_updates)
  File "C:\Users\Administrator\AppData\Local\Programs\Python\Python35\lib\site-packages\telegram\bot.py", line 60, in decorator
    result = func(self, *args, **kwargs)
  File "C:\Users\Administrator\AppData\Local\Programs\Python\Python35\lib\site-packages\telegram\bot.py", line 1768, in get_updates
    result = self._request.post(url, data, timeout=float(read_latency) + float(timeout))
  File "C:\Users\Administrator\AppData\Local\Programs\Python\Python35\lib\site-packages\telegram\utils\request.py", line 278, in post
    **urlopen_kwargs)
  File "C:\Users\Administrator\AppData\Local\Programs\Python\Python35\lib\site-packages\telegram\utils\request.py", line 225, in _request_wrapper
    raise NetworkError('{0} ({1})'.format(message, resp.status))
telegram.error.NetworkError: Conflict: terminated by other getUpdates request; make sure that only one bot instance is running (409)

During handling of the above exception, another exception occurred:

Traceback (most recent call last):
  File "C:\Users\Administrator\AppData\Local\Programs\Python\Python35\lib\site-packages\telegram\ext\dispatcher.py", line 271, in process_update
    self.dispatch_error(None, update)
  File "C:\Users\Administrator\AppData\Local\Programs\Python\Python35\lib\site-packages\telegram\ext\dispatcher.py", line 384, in dispatch_error
    callback(self.bot, update, error)
  File "E:/Program/GITHUB/dominion/dominion.py", line 299, in error
    update.message.reply_text('NETWORK ISSUE')
AttributeError: 'NoneType' object has no attribute 'message'
2018-12-28 00:48:43,485 - telegram.ext.updater - ERROR - Error while getting Updates: Conflict: terminated by other getUpdates request; make sure that only one bot instance is running (409)
2018-12-28 00:48:43,485 - __main__ - WARNING - Update "None" caused error "Conflict: terminated by other getUpdates request; make sure that only one bot instance is running (409)"
2018-12-28 00:48:43,485 - telegram.ext.dispatcher - ERROR - An uncaught error was raised while handling the error
Traceback (most recent call last):
  File "E:/Program/GITHUB/dominion/dominion.py", line 291, in error
    raise error
  File "C:\Users\Administrator\AppData\Local\Programs\Python\Python35\lib\site-packages\telegram\ext\updater.py", line 312, in _network_loop_retry
    if not action_cb():
  File "C:\Users\Administrator\AppData\Local\Programs\Python\Python35\lib\site-packages\telegram\ext\updater.py", line 273, in polling_action_cb
    allowed_updates=allowed_updates)
  File "C:\Users\Administrator\AppData\Local\Programs\Python\Python35\lib\site-packages\telegram\bot.py", line 60, in decorator
    result = func(self, *args, **kwargs)
  File "C:\Users\Administrator\AppData\Local\Programs\Python\Python35\lib\site-packages\telegram\bot.py", line 1768, in get_updates
    result = self._request.post(url, data, timeout=float(read_latency) + float(timeout))
  File "C:\Users\Administrator\AppData\Local\Programs\Python\Python35\lib\site-packages\telegram\utils\request.py", line 278, in post
    **urlopen_kwargs)
  File "C:\Users\Administrator\AppData\Local\Programs\Python\Python35\lib\site-packages\telegram\utils\request.py", line 225, in _request_wrapper
    raise NetworkError('{0} ({1})'.format(message, resp.status))
telegram.error.NetworkError: Conflict: terminated by other getUpdates request; make sure that only one bot instance is running (409)

During handling of the above exception, another exception occurred:

Traceback (most recent call last):
  File "C:\Users\Administrator\AppData\Local\Programs\Python\Python35\lib\site-packages\telegram\ext\dispatcher.py", line 271, in process_update
    self.dispatch_error(None, update)
  File "C:\Users\Administrator\AppData\Local\Programs\Python\Python35\lib\site-packages\telegram\ext\dispatcher.py", line 384, in dispatch_error
    callback(self.bot, update, error)
  File "E:/Program/GITHUB/dominion/dominion.py", line 299, in error
    update.message.reply_text('NETWORK ISSUE')
AttributeError: 'NoneType' object has no attribute 'message'
2018-12-28 00:48:55,154 - telegram.ext.updater - ERROR - Error while getting Updates: Conflict: terminated by other getUpdates request; make sure that only one bot instance is running (409)
2018-12-28 00:48:55,155 - __main__ - WARNING - Update "None" caused error "Conflict: terminated by other getUpdates request; make sure that only one bot instance is running (409)"
2018-12-28 00:48:55,155 - telegram.ext.dispatcher - ERROR - An uncaught error was raised while handling the error
Traceback (most recent call last):
  File "E:/Program/GITHUB/dominion/dominion.py", line 291, in error
    raise error
  File "C:\Users\Administrator\AppData\Local\Programs\Python\Python35\lib\site-packages\telegram\ext\updater.py", line 312, in _network_loop_retry
    if not action_cb():
  File "C:\Users\Administrator\AppData\Local\Programs\Python\Python35\lib\site-packages\telegram\ext\updater.py", line 273, in polling_action_cb
    allowed_updates=allowed_updates)
  File "C:\Users\Administrator\AppData\Local\Programs\Python\Python35\lib\site-packages\telegram\bot.py", line 60, in decorator
    result = func(self, *args, **kwargs)
  File "C:\Users\Administrator\AppData\Local\Programs\Python\Python35\lib\site-packages\telegram\bot.py", line 1768, in get_updates
    result = self._request.post(url, data, timeout=float(read_latency) + float(timeout))
  File "C:\Users\Administrator\AppData\Local\Programs\Python\Python35\lib\site-packages\telegram\utils\request.py", line 278, in post
    **urlopen_kwargs)
  File "C:\Users\Administrator\AppData\Local\Programs\Python\Python35\lib\site-packages\telegram\utils\request.py", line 225, in _request_wrapper
    raise NetworkError('{0} ({1})'.format(message, resp.status))
telegram.error.NetworkError: Conflict: terminated by other getUpdates request; make sure that only one bot instance is running (409)

During handling of the above exception, another exception occurred:

Traceback (most recent call last):
  File "C:\Users\Administrator\AppData\Local\Programs\Python\Python35\lib\site-packages\telegram\ext\dispatcher.py", line 271, in process_update
    self.dispatch_error(None, update)
  File "C:\Users\Administrator\AppData\Local\Programs\Python\Python35\lib\site-packages\telegram\ext\dispatcher.py", line 384, in dispatch_error
    callback(self.bot, update, error)
  File "E:/Program/GITHUB/dominion/dominion.py", line 299, in error
    update.message.reply_text('NETWORK ISSUE')
AttributeError: 'NoneType' object has no attribute 'message'
2018-12-28 00:48:59,364 - telegram.ext.updater - ERROR - Error while getting Updates: Conflict: terminated by other getUpdates request; make sure that only one bot instance is running (409)
2018-12-28 00:48:59,364 - __main__ - WARNING - Update "None" caused error "Conflict: terminated by other getUpdates request; make sure that only one bot instance is running (409)"
2018-12-28 00:48:59,364 - telegram.ext.dispatcher - ERROR - An uncaught error was raised while handling the error
Traceback (most recent call last):
  File "E:/Program/GITHUB/dominion/dominion.py", line 291, in error
    raise error
  File "C:\Users\Administrator\AppData\Local\Programs\Python\Python35\lib\site-packages\telegram\ext\updater.py", line 312, in _network_loop_retry
    if not action_cb():
  File "C:\Users\Administrator\AppData\Local\Programs\Python\Python35\lib\site-packages\telegram\ext\updater.py", line 273, in polling_action_cb
    allowed_updates=allowed_updates)
  File "C:\Users\Administrator\AppData\Local\Programs\Python\Python35\lib\site-packages\telegram\bot.py", line 60, in decorator
    result = func(self, *args, **kwargs)
  File "C:\Users\Administrator\AppData\Local\Programs\Python\Python35\lib\site-packages\telegram\bot.py", line 1768, in get_updates
    result = self._request.post(url, data, timeout=float(read_latency) + float(timeout))
  File "C:\Users\Administrator\AppData\Local\Programs\Python\Python35\lib\site-packages\telegram\utils\request.py", line 278, in post
    **urlopen_kwargs)
  File "C:\Users\Administrator\AppData\Local\Programs\Python\Python35\lib\site-packages\telegram\utils\request.py", line 225, in _request_wrapper
    raise NetworkError('{0} ({1})'.format(message, resp.status))
telegram.error.NetworkError: Conflict: terminated by other getUpdates request; make sure that only one bot instance is running (409)

During handling of the above exception, another exception occurred:

Traceback (most recent call last):
  File "C:\Users\Administrator\AppData\Local\Programs\Python\Python35\lib\site-packages\telegram\ext\dispatcher.py", line 271, in process_update
    self.dispatch_error(None, update)
  File "C:\Users\Administrator\AppData\Local\Programs\Python\Python35\lib\site-packages\telegram\ext\dispatcher.py", line 384, in dispatch_error
    callback(self.bot, update, error)
  File "E:/Program/GITHUB/dominion/dominion.py", line 299, in error
    update.message.reply_text('NETWORK ISSUE')
AttributeError: 'NoneType' object has no attribute 'message'
2019-01-01 06:17:10,218 - telegram.ext.dispatcher - ERROR - An uncaught error was raised while processing the update
Traceback (most recent call last):
  File "C:\Users\Administrator\AppData\Local\Programs\Python\Python35\lib\site-packages\telegram\ext\dispatcher.py", line 279, in process_update
    handler.handle_update(update, self)
  File "C:\Users\Administrator\AppData\Local\Programs\Python\Python35\lib\site-packages\telegram\ext\commandhandler.py", line 173, in handle_update
    return self.callback(dispatcher.bot, update, **optional_args)
  File "E:/Program/GITHUB/dominion/dominion.py", line 149, in draw
    deckplayer1 = grave
UnboundLocalError: local variable 'grave' referenced before assignment
2019-01-01 06:19:31,946 - telegram.ext.dispatcher - WARNING - A TelegramError was raised while processing the Update
2019-01-01 06:19:31,946 - __main__ - WARNING - Update "{'update_id': 773021335, 'message': {'date': 1546294760, 'new_chat_photo': [], 'caption_entities': [], 'entities': [{'offset': 0, 'length': 4, 'type': 'bot_command'}], 'group_chat_created': False, 'message_id': 4376, 'supergroup_chat_created': False, 'text': '/buy', 'channel_chat_created': False, 'from': {'username': 'Fukai_217', 'id': 337412327, 'language_code': 'zh-hans', 'first_name': 'Fukai', 'is_bot': False}, 'new_chat_members': [], 'photo': [], 'chat': {'title': 'GitHub repoes', 'id': -273384150, 'all_members_are_administrators': True, 'type': 'group'}, 'reply_to_message': {'date': 1546294759, 'new_chat_photo': [], 'caption_entities': [], 'entities': [{'offset': 69, 'length': 4, 'type': 'bot_command'}, {'offset': 81, 'length': 4, 'type': 'bot_command'}], 'group_chat_created': False, 'message_id': 4375, 'supergroup_chat_created': False, 'text': "You got ['estates', 'copper', 'copper', 'copper', 'copper'] .\nType ( /buy ) or ( /use ) to proceed", 'channel_chat_created': False, 'from': {'username': 'DOMINION_IM_BOT', 'id': 599551578, 'first_name': 'DOMINION', 'is_bot': True}, 'new_chat_members': [], 'photo': [], 'chat': {'title': 'GitHub repoes', 'id': -273384150, 'all_members_are_administrators': True, 'type': 'group'}, 'delete_chat_photo': False}, 'delete_chat_photo': False}}" caused error "Timed out"
2019-01-01 06:25:41,156 - telegram.ext.dispatcher - WARNING - A TelegramError was raised while processing the Update
2019-01-01 06:25:41,156 - __main__ - WARNING - Update "{'message': {'supergroup_chat_created': False, 'date': 1546295130, 'chat': {'title': 'GitHub repoes', 'id': -273384150, 'all_members_are_administrators': True, 'type': 'group'}, 'photo': [], 'channel_chat_created': False, 'message_id': 4406, 'new_chat_photo': [], 'text': '/buy@DOMINION_IM_BOT', 'delete_chat_photo': False, 'group_chat_created': False, 'new_chat_members': [], 'from': {'is_bot': False, 'language_code': 'zh-hans', 'username': 'inuwazz', 'first_name': '¤j©M', 'id': 436384576}, 'caption_entities': [], 'entities': [{'offset': 0, 'length': 20, 'type': 'bot_command'}]}, 'update_id': 773021345}" caused error "Timed out"
